MPLINK 4.49, Linker
Linker Map File - Created Sun Apr 05 21:47:17 2020

                                 Section Info
                  Section       Type    Address   Location Size(Bytes)
                ---------  ---------  ---------  ---------  ---------
                    START       code   0x000000    program   0x000002
                   .cinit    romdata   0x000001    program   0x000004
              INT_Handler       code   0x000004    program   0x000086
                    PROG1       code   0x000056    program   0x000e82
                    PROG2       code   0x000800    program   0x000c64
      .config_2007_MAIN.O       code   0x002007    program   0x000002
                    Bank0      udata   0x000020       data   0x000055
           Temp_Variables      udata   0x000075       data   0x000007
                SharedMem      udata   0x00007c       data   0x000004
                    Bank1      udata   0x0000a0       data   0x00003b



                              Program Memory Usage 
                               Start         End      
                           ---------   ---------      
                            0x000000    0x000002      
                            0x000004    0x000046      
                            0x000056    0x000796      
                            0x000800    0x000e31      
                            0x002007    0x002007      
            3514 out of 4358 program addresses used, program memory utilization is 80%



                              Symbols - Sorted by Name
                     Name    Address   Location    Storage File                     
                ---------  ---------  ---------  --------- ---------                
               ABSNotIDLE   0x0000bd    program     static C:\Users\Panagiotis\Documents\Coding\Embedded\Ebb & Flow Pic ASM\Ebb&Flow (16F648A v4.41)\Main.asm
                 ABS_Idle   0x0000c6    program     static C:\Users\Panagiotis\Documents\Coding\Embedded\Ebb & Flow Pic ASM\Ebb&Flow (16F648A v4.41)\Main.asm
              ActiveTimer   0x0005e0    program     extern C:\Users\Panagiotis\Documents\Coding\Embedded\Ebb & Flow Pic ASM\Ebb&Flow (16F648A v4.41)\TimeValue.asm
                 AlarmCHK   0x000684    program     extern C:\Users\Panagiotis\Documents\Coding\Embedded\Ebb & Flow Pic ASM\Ebb&Flow (16F648A v4.41)\TimeValue.asm
                AlarmLoop   0x000448    program     static C:\Users\Panagiotis\Documents\Coding\Embedded\Ebb & Flow Pic ASM\Ebb&Flow (16F648A v4.41)\Alarms.asm
               BacktoMenu   0x000221    program     static C:\Users\Panagiotis\Documents\Coding\Embedded\Ebb & Flow Pic ASM\Ebb&Flow (16F648A v4.41)\Main.asm
                  Bcd2Hex   0x00046d    program     extern C:\Users\Panagiotis\Documents\Coding\Embedded\Ebb & Flow Pic ASM\Ebb&Flow (16F648A v4.41)\Bcd2Hex.asm
                   BitOne   0x00073e    program     static C:\Users\Panagiotis\Documents\Coding\Embedded\Ebb & Flow Pic ASM\Ebb&Flow (16F648A v4.41)\I2C.asm
                  BitZero   0x00073b    program     static C:\Users\Panagiotis\Documents\Coding\Embedded\Ebb & Flow Pic ASM\Ebb&Flow (16F648A v4.41)\I2C.asm
                BlancLine   0x000de0    program     static C:\Users\Panagiotis\Documents\Coding\Embedded\Ebb & Flow Pic ASM\Ebb&Flow (16F648A v4.41)\DataTables.asm
         BuildCustomChars   0x000df0    program     extern C:\Users\Panagiotis\Documents\Coding\Embedded\Ebb & Flow Pic ASM\Ebb&Flow (16F648A v4.41)\CustomLCDChars.asm
                      Ch1   0x000e0a    program     static C:\Users\Panagiotis\Documents\Coding\Embedded\Ebb & Flow Pic ASM\Ebb&Flow (16F648A v4.41)\CustomLCDChars.asm
                      Ch2   0x000e12    program     static C:\Users\Panagiotis\Documents\Coding\Embedded\Ebb & Flow Pic ASM\Ebb&Flow (16F648A v4.41)\CustomLCDChars.asm
                      Ch3   0x000e1a    program     static C:\Users\Panagiotis\Documents\Coding\Embedded\Ebb & Flow Pic ASM\Ebb&Flow (16F648A v4.41)\CustomLCDChars.asm
                      Ch4   0x000e22    program     static C:\Users\Panagiotis\Documents\Coding\Embedded\Ebb & Flow Pic ASM\Ebb&Flow (16F648A v4.41)\CustomLCDChars.asm
                      Ch5   0x000e2a    program     static C:\Users\Panagiotis\Documents\Coding\Embedded\Ebb & Flow Pic ASM\Ebb&Flow (16F648A v4.41)\CustomLCDChars.asm
                   Check1   0x00061f    program     static C:\Users\Panagiotis\Documents\Coding\Embedded\Ebb & Flow Pic ASM\Ebb&Flow (16F648A v4.41)\TimeValue.asm
                   Check2   0x00062b    program     static C:\Users\Panagiotis\Documents\Coding\Embedded\Ebb & Flow Pic ASM\Ebb&Flow (16F648A v4.41)\TimeValue.asm
               CheckDrain   0x000646    program     static C:\Users\Panagiotis\Documents\Coding\Embedded\Ebb & Flow Pic ASM\Ebb&Flow (16F648A v4.41)\TimeValue.asm
               CheckFlood   0x000636    program     static C:\Users\Panagiotis\Documents\Coding\Embedded\Ebb & Flow Pic ASM\Ebb&Flow (16F648A v4.41)\TimeValue.asm
           CheckFloodTime   0x0006c3    program     static C:\Users\Panagiotis\Documents\Coding\Embedded\Ebb & Flow Pic ASM\Ebb&Flow (16F648A v4.41)\TimeValue.asm
                CheckNext   0x0006d0    program     static C:\Users\Panagiotis\Documents\Coding\Embedded\Ebb & Flow Pic ASM\Ebb&Flow (16F648A v4.41)\TimeValue.asm
                CheckTMR0   0x000026    program     static C:\Users\Panagiotis\Documents\Coding\Embedded\Ebb & Flow Pic ASM\Ebb&Flow (16F648A v4.41)\Main.asm
                CheckTMR1   0x000036    program     static C:\Users\Panagiotis\Documents\Coding\Embedded\Ebb & Flow Pic ASM\Ebb&Flow (16F648A v4.41)\Main.asm
         CheckWaterStatus   0x0004cd    program     extern C:\Users\Panagiotis\Documents\Coding\Embedded\Ebb & Flow Pic ASM\Ebb&Flow (16F648A v4.41)\WaterStatus.asm
                Check_RTC   0x0006f0    program     extern C:\Users\Panagiotis\Documents\Coding\Embedded\Ebb & Flow Pic ASM\Ebb&Flow (16F648A v4.41)\I2C.asm
                   ChrTbl   0x000e0a    program     static C:\Users\Panagiotis\Documents\Coding\Embedded\Ebb & Flow Pic ASM\Ebb&Flow (16F648A v4.41)\CustomLCDChars.asm
               ClearPumps   0x000313    program     static C:\Users\Panagiotis\Documents\Coding\Embedded\Ebb & Flow Pic ASM\Ebb&Flow (16F648A v4.41)\Main.asm
                ClockText   0x000da3    program     static C:\Users\Panagiotis\Documents\Coding\Embedded\Ebb & Flow Pic ASM\Ebb&Flow (16F648A v4.41)\DataTables.asm
              Clock_Pulse   0x000787    program     static C:\Users\Panagiotis\Documents\Coding\Embedded\Ebb & Flow Pic ASM\Ebb&Flow (16F648A v4.41)\I2C.asm
                     Cont   0x000741    program     static C:\Users\Panagiotis\Documents\Coding\Embedded\Ebb & Flow Pic ASM\Ebb&Flow (16F648A v4.41)\I2C.asm
              CursorCycle   0x000bf9    program     static C:\Users\Panagiotis\Documents\Coding\Embedded\Ebb & Flow Pic ASM\Ebb&Flow (16F648A v4.41)\DataTables.asm
                CursorFSw   0x000bf9    program     static C:\Users\Panagiotis\Documents\Coding\Embedded\Ebb & Flow Pic ASM\Ebb&Flow (16F648A v4.41)\DataTables.asm
           CursorFullTime   0x000bf6    program     static C:\Users\Panagiotis\Documents\Coding\Embedded\Ebb & Flow Pic ASM\Ebb&Flow (16F648A v4.41)\DataTables.asm
               CursorLoop   0x0005a2    program     static C:\Users\Panagiotis\Documents\Coding\Embedded\Ebb & Flow Pic ASM\Ebb&Flow (16F648A v4.41)\ReadTables.asm
              CursorOnOff   0x000bf9    program     static C:\Users\Panagiotis\Documents\Coding\Embedded\Ebb & Flow Pic ASM\Ebb&Flow (16F648A v4.41)\DataTables.asm
              CursorTable   0x000bf4    program     static C:\Users\Panagiotis\Documents\Coding\Embedded\Ebb & Flow Pic ASM\Ebb&Flow (16F648A v4.41)\DataTables.asm
               CursorTime   0x000bf4    program     static C:\Users\Panagiotis\Documents\Coding\Embedded\Ebb & Flow Pic ASM\Ebb&Flow (16F648A v4.41)\DataTables.asm
             CycleTmrVarD   0x000bec    program     static C:\Users\Panagiotis\Documents\Coding\Embedded\Ebb & Flow Pic ASM\Ebb&Flow (16F648A v4.41)\DataTables.asm
             CycleTmrVarF   0x000be8    program     static C:\Users\Panagiotis\Documents\Coding\Embedded\Ebb & Flow Pic ASM\Ebb&Flow (16F648A v4.41)\DataTables.asm
             CycleTmrVarS   0x000bd4    program     static C:\Users\Panagiotis\Documents\Coding\Embedded\Ebb & Flow Pic ASM\Ebb&Flow (16F648A v4.41)\DataTables.asm
            CycleTmrVarSP   0x000be0    program     static C:\Users\Panagiotis\Documents\Coding\Embedded\Ebb & Flow Pic ASM\Ebb&Flow (16F648A v4.41)\DataTables.asm
            CycleTmrVarSR   0x000bd8    program     static C:\Users\Panagiotis\Documents\Coding\Embedded\Ebb & Flow Pic ASM\Ebb&Flow (16F648A v4.41)\DataTables.asm
               Cycle_Idle   0x0000cb    program     static C:\Users\Panagiotis\Documents\Coding\Embedded\Ebb & Flow Pic ASM\Ebb&Flow (16F648A v4.41)\Main.asm
          Cycle_Tmr_Drain   0x0009e8    program     static C:\Users\Panagiotis\Documents\Coding\Embedded\Ebb & Flow Pic ASM\Ebb&Flow (16F648A v4.41)\DataTables.asm
          Cycle_Tmr_Flood   0x0009e0    program     static C:\Users\Panagiotis\Documents\Coding\Embedded\Ebb & Flow Pic ASM\Ebb&Flow (16F648A v4.41)\DataTables.asm
          Cycle_Tmr_Start   0x0009d0    program     static C:\Users\Panagiotis\Documents\Coding\Embedded\Ebb & Flow Pic ASM\Ebb&Flow (16F648A v4.41)\DataTables.asm
         Cycle_Tmr_Status   0x0009c8    program     static C:\Users\Panagiotis\Documents\Coding\Embedded\Ebb & Flow Pic ASM\Ebb&Flow (16F648A v4.41)\DataTables.asm
           Cycle_Tmr_Stop   0x0009d8    program     static C:\Users\Panagiotis\Documents\Coding\Embedded\Ebb & Flow Pic ASM\Ebb&Flow (16F648A v4.41)\DataTables.asm
         DFloatswitch_OFF   0x0004e7    program     static C:\Users\Panagiotis\Documents\Coding\Embedded\Ebb & Flow Pic ASM\Ebb&Flow (16F648A v4.41)\WaterStatus.asm
                      DRN   0x000416    program     static C:\Users\Panagiotis\Documents\Coding\Embedded\Ebb & Flow Pic ASM\Ebb&Flow (16F648A v4.41)\Alarms.asm
              DecContrast   0x000172    program     static C:\Users\Panagiotis\Documents\Coding\Embedded\Ebb & Flow Pic ASM\Ebb&Flow (16F648A v4.41)\Main.asm
              DecDataType   0x0003a3    program     static C:\Users\Panagiotis\Documents\Coding\Embedded\Ebb & Flow Pic ASM\Ebb&Flow (16F648A v4.41)\RLCD.asm
                  DecText   0x000d8b    program     static C:\Users\Panagiotis\Documents\Coding\Embedded\Ebb & Flow Pic ASM\Ebb&Flow (16F648A v4.41)\DataTables.asm
                   DecVar   0x000265    program     static C:\Users\Panagiotis\Documents\Coding\Embedded\Ebb & Flow Pic ASM\Ebb&Flow (16F648A v4.41)\Main.asm
              DecVariable   0x000251    program     static C:\Users\Panagiotis\Documents\Coding\Embedded\Ebb & Flow Pic ASM\Ebb&Flow (16F648A v4.41)\Main.asm
                    Delay   0x00037b    program     extern C:\Users\Panagiotis\Documents\Coding\Embedded\Ebb & Flow Pic ASM\Ebb&Flow (16F648A v4.41)\Delay.asm
                   Delay1   0x000380    program     static C:\Users\Panagiotis\Documents\Coding\Embedded\Ebb & Flow Pic ASM\Ebb&Flow (16F648A v4.41)\Delay.asm
                   Delay2   0x00037d    program     static C:\Users\Panagiotis\Documents\Coding\Embedded\Ebb & Flow Pic ASM\Ebb&Flow (16F648A v4.41)\Delay.asm
                DelayLoop   0x000013    program     static C:\Users\Panagiotis\Documents\Coding\Embedded\Ebb & Flow Pic ASM\Ebb&Flow (16F648A v4.41)\Main.asm
                  Delay_0   0x00038b    program     static C:\Users\Panagiotis\Documents\Coding\Embedded\Ebb & Flow Pic ASM\Ebb&Flow (16F648A v4.41)\Delay.asm
                DrainLoop   0x0002ef    program     static C:\Users\Panagiotis\Documents\Coding\Embedded\Ebb & Flow Pic ASM\Ebb&Flow (16F648A v4.41)\Main.asm
               DrainLoop2   0x0002f5    program     static C:\Users\Panagiotis\Documents\Coding\Embedded\Ebb & Flow Pic ASM\Ebb&Flow (16F648A v4.41)\Main.asm
                 DrainTxt   0x000d72    program     static C:\Users\Panagiotis\Documents\Coding\Embedded\Ebb & Flow Pic ASM\Ebb&Flow (16F648A v4.41)\DataTables.asm
                 Draining   0x0004d4    program     static C:\Users\Panagiotis\Documents\Coding\Embedded\Ebb & Flow Pic ASM\Ebb&Flow (16F648A v4.41)\WaterStatus.asm
             DrainingText   0x000dc6    program     static C:\Users\Panagiotis\Documents\Coding\Embedded\Ebb & Flow Pic ASM\Ebb&Flow (16F648A v4.41)\DataTables.asm
              EEPROM_Read   0x00050d    program     extern C:\Users\Panagiotis\Documents\Coding\Embedded\Ebb & Flow Pic ASM\Ebb&Flow (16F648A v4.41)\EEPROM.asm
             EEPROM_Write   0x00051e    program     extern C:\Users\Panagiotis\Documents\Coding\Embedded\Ebb & Flow Pic ASM\Ebb&Flow (16F648A v4.41)\EEPROM.asm
                 EnterSub   0x0001b8    program     static C:\Users\Panagiotis\Documents\Coding\Embedded\Ebb & Flow Pic ASM\Ebb&Flow (16F648A v4.41)\Main.asm
            EnterVariable   0x000215    program     static C:\Users\Panagiotis\Documents\Coding\Embedded\Ebb & Flow Pic ASM\Ebb&Flow (16F648A v4.41)\Main.asm
                Exit2Main   0x000294    program     static C:\Users\Panagiotis\Documents\Coding\Embedded\Ebb & Flow Pic ASM\Ebb&Flow (16F648A v4.41)\Main.asm
                  ExitInt   0x000040    program     static C:\Users\Panagiotis\Documents\Coding\Embedded\Ebb & Flow Pic ASM\Ebb&Flow (16F648A v4.41)\Main.asm
                  ExitSub   0x0001dc    program     static C:\Users\Panagiotis\Documents\Coding\Embedded\Ebb & Flow Pic ASM\Ebb&Flow (16F648A v4.41)\Main.asm
                 ExitTmr0   0x000034    program     static C:\Users\Panagiotis\Documents\Coding\Embedded\Ebb & Flow Pic ASM\Ebb&Flow (16F648A v4.41)\Main.asm
             ExitVariable   0x00021c    program     static C:\Users\Panagiotis\Documents\Coding\Embedded\Ebb & Flow Pic ASM\Ebb&Flow (16F648A v4.41)\Main.asm
 ExitWaterStatusFlowChart   0x0000cd    program     static C:\Users\Panagiotis\Documents\Coding\Embedded\Ebb & Flow Pic ASM\Ebb&Flow (16F648A v4.41)\Main.asm
                 Exit_Cmd   0x000494    program     static C:\Users\Panagiotis\Documents\Coding\Embedded\Ebb & Flow Pic ASM\Ebb&Flow (16F648A v4.41)\SerialLCD.asm
        ExtMI_Tmr10_Drain   0x000ad8    program     static C:\Users\Panagiotis\Documents\Coding\Embedded\Ebb & Flow Pic ASM\Ebb&Flow (16F648A v4.41)\DataTables.asm
        ExtMI_Tmr10_Flood   0x000ad0    program     static C:\Users\Panagiotis\Documents\Coding\Embedded\Ebb & Flow Pic ASM\Ebb&Flow (16F648A v4.41)\DataTables.asm
       ExtMI_Tmr10_Status   0x000ac8    program     static C:\Users\Panagiotis\Documents\Coding\Embedded\Ebb & Flow Pic ASM\Ebb&Flow (16F648A v4.41)\DataTables.asm
         ExtMI_Tmr1_Drain   0x000a00    program     static C:\Users\Panagiotis\Documents\Coding\Embedded\Ebb & Flow Pic ASM\Ebb&Flow (16F648A v4.41)\DataTables.asm
         ExtMI_Tmr1_Flood   0x0009f8    program     static C:\Users\Panagiotis\Documents\Coding\Embedded\Ebb & Flow Pic ASM\Ebb&Flow (16F648A v4.41)\DataTables.asm
        ExtMI_Tmr1_Status   0x0009f0    program     static C:\Users\Panagiotis\Documents\Coding\Embedded\Ebb & Flow Pic ASM\Ebb&Flow (16F648A v4.41)\DataTables.asm
         ExtMI_Tmr2_Drain   0x000a18    program     static C:\Users\Panagiotis\Documents\Coding\Embedded\Ebb & Flow Pic ASM\Ebb&Flow (16F648A v4.41)\DataTables.asm
         ExtMI_Tmr2_Flood   0x000a10    program     static C:\Users\Panagiotis\Documents\Coding\Embedded\Ebb & Flow Pic ASM\Ebb&Flow (16F648A v4.41)\DataTables.asm
        ExtMI_Tmr2_Status   0x000a08    program     static C:\Users\Panagiotis\Documents\Coding\Embedded\Ebb & Flow Pic ASM\Ebb&Flow (16F648A v4.41)\DataTables.asm
         ExtMI_Tmr3_Drain   0x000a30    program     static C:\Users\Panagiotis\Documents\Coding\Embedded\Ebb & Flow Pic ASM\Ebb&Flow (16F648A v4.41)\DataTables.asm
         ExtMI_Tmr3_Flood   0x000a28    program     static C:\Users\Panagiotis\Documents\Coding\Embedded\Ebb & Flow Pic ASM\Ebb&Flow (16F648A v4.41)\DataTables.asm
        ExtMI_Tmr3_Status   0x000a20    program     static C:\Users\Panagiotis\Documents\Coding\Embedded\Ebb & Flow Pic ASM\Ebb&Flow (16F648A v4.41)\DataTables.asm
         ExtMI_Tmr4_Drain   0x000a48    program     static C:\Users\Panagiotis\Documents\Coding\Embedded\Ebb & Flow Pic ASM\Ebb&Flow (16F648A v4.41)\DataTables.asm
         ExtMI_Tmr4_Flood   0x000a40    program     static C:\Users\Panagiotis\Documents\Coding\Embedded\Ebb & Flow Pic ASM\Ebb&Flow (16F648A v4.41)\DataTables.asm
        ExtMI_Tmr4_Status   0x000a38    program     static C:\Users\Panagiotis\Documents\Coding\Embedded\Ebb & Flow Pic ASM\Ebb&Flow (16F648A v4.41)\DataTables.asm
         ExtMI_Tmr5_Drain   0x000a60    program     static C:\Users\Panagiotis\Documents\Coding\Embedded\Ebb & Flow Pic ASM\Ebb&Flow (16F648A v4.41)\DataTables.asm
         ExtMI_Tmr5_Flood   0x000a58    program     static C:\Users\Panagiotis\Documents\Coding\Embedded\Ebb & Flow Pic ASM\Ebb&Flow (16F648A v4.41)\DataTables.asm
        ExtMI_Tmr5_Status   0x000a50    program     static C:\Users\Panagiotis\Documents\Coding\Embedded\Ebb & Flow Pic ASM\Ebb&Flow (16F648A v4.41)\DataTables.asm
         ExtMI_Tmr6_Drain   0x000a78    program     static C:\Users\Panagiotis\Documents\Coding\Embedded\Ebb & Flow Pic ASM\Ebb&Flow (16F648A v4.41)\DataTables.asm
         ExtMI_Tmr6_Flood   0x000a70    program     static C:\Users\Panagiotis\Documents\Coding\Embedded\Ebb & Flow Pic ASM\Ebb&Flow (16F648A v4.41)\DataTables.asm
        ExtMI_Tmr6_Status   0x000a68    program     static C:\Users\Panagiotis\Documents\Coding\Embedded\Ebb & Flow Pic ASM\Ebb&Flow (16F648A v4.41)\DataTables.asm
         ExtMI_Tmr7_Drain   0x000a90    program     static C:\Users\Panagiotis\Documents\Coding\Embedded\Ebb & Flow Pic ASM\Ebb&Flow (16F648A v4.41)\DataTables.asm
         ExtMI_Tmr7_Flood   0x000a88    program     static C:\Users\Panagiotis\Documents\Coding\Embedded\Ebb & Flow Pic ASM\Ebb&Flow (16F648A v4.41)\DataTables.asm
        ExtMI_Tmr7_Status   0x000a80    program     static C:\Users\Panagiotis\Documents\Coding\Embedded\Ebb & Flow Pic ASM\Ebb&Flow (16F648A v4.41)\DataTables.asm
         ExtMI_Tmr8_Drain   0x000aa8    program     static C:\Users\Panagiotis\Documents\Coding\Embedded\Ebb & Flow Pic ASM\Ebb&Flow (16F648A v4.41)\DataTables.asm
         ExtMI_Tmr8_Flood   0x000aa0    program     static C:\Users\Panagiotis\Documents\Coding\Embedded\Ebb & Flow Pic ASM\Ebb&Flow (16F648A v4.41)\DataTables.asm
        ExtMI_Tmr8_Status   0x000a98    program     static C:\Users\Panagiotis\Documents\Coding\Embedded\Ebb & Flow Pic ASM\Ebb&Flow (16F648A v4.41)\DataTables.asm
         ExtMI_Tmr9_Drain   0x000ac0    program     static C:\Users\Panagiotis\Documents\Coding\Embedded\Ebb & Flow Pic ASM\Ebb&Flow (16F648A v4.41)\DataTables.asm
         ExtMI_Tmr9_Flood   0x000ab8    program     static C:\Users\Panagiotis\Documents\Coding\Embedded\Ebb & Flow Pic ASM\Ebb&Flow (16F648A v4.41)\DataTables.asm
        ExtMI_Tmr9_Status   0x000ab0    program     static C:\Users\Panagiotis\Documents\Coding\Embedded\Ebb & Flow Pic ASM\Ebb&Flow (16F648A v4.41)\DataTables.asm
           ExtMenuItemTbl   0x00059c    program     static C:\Users\Panagiotis\Documents\Coding\Embedded\Ebb & Flow Pic ASM\Ebb&Flow (16F648A v4.41)\ReadTables.asm
         ExtMenuItem_Loop   0x000591    program     static C:\Users\Panagiotis\Documents\Coding\Embedded\Ebb & Flow Pic ASM\Ebb&Flow (16F648A v4.41)\ReadTables.asm
                      FLD   0x00040f    program     static C:\Users\Panagiotis\Documents\Coding\Embedded\Ebb & Flow Pic ASM\Ebb&Flow (16F648A v4.41)\Alarms.asm
                   FlagOn   0x000360    program     static C:\Users\Panagiotis\Documents\Coding\Embedded\Ebb & Flow Pic ASM\Ebb&Flow (16F648A v4.41)\Main.asm
                FloodLoop   0x0002d8    program     static C:\Users\Panagiotis\Documents\Coding\Embedded\Ebb & Flow Pic ASM\Ebb&Flow (16F648A v4.41)\Main.asm
               FloodLoop2   0x0002de    program     static C:\Users\Panagiotis\Documents\Coding\Embedded\Ebb & Flow Pic ASM\Ebb&Flow (16F648A v4.41)\Main.asm
                 FloodTxt   0x000d63    program     static C:\Users\Panagiotis\Documents\Coding\Embedded\Ebb & Flow Pic ASM\Ebb&Flow (16F648A v4.41)\DataTables.asm
                 Flooding   0x0004ec    program     static C:\Users\Panagiotis\Documents\Coding\Embedded\Ebb & Flow Pic ASM\Ebb&Flow (16F648A v4.41)\WaterStatus.asm
             FloodingText   0x000db8    program     static C:\Users\Panagiotis\Documents\Coding\Embedded\Ebb & Flow Pic ASM\Ebb&Flow (16F648A v4.41)\DataTables.asm
                 HIGH_SCL   0x00077a    program     static C:\Users\Panagiotis\Documents\Coding\Embedded\Ebb & Flow Pic ASM\Ebb&Flow (16F648A v4.41)\I2C.asm
                 HIGH_SDA   0x00076d    program     static C:\Users\Panagiotis\Documents\Coding\Embedded\Ebb & Flow Pic ASM\Ebb&Flow (16F648A v4.41)\I2C.asm
                  Hex2Dec   0x000056    program     extern C:\Users\Panagiotis\Documents\Coding\Embedded\Ebb & Flow Pic ASM\Ebb&Flow (16F648A v4.41)\Hex2Dec.asm
                 I2C_Init   0x000724    program     extern C:\Users\Panagiotis\Documents\Coding\Embedded\Ebb & Flow Pic ASM\Ebb&Flow (16F648A v4.41)\I2C.asm
                 I2C_Read   0x000731    program     static C:\Users\Panagiotis\Documents\Coding\Embedded\Ebb & Flow Pic ASM\Ebb&Flow (16F648A v4.41)\I2C.asm
                I2C_Start   0x000727    program     extern C:\Users\Panagiotis\Documents\Coding\Embedded\Ebb & Flow Pic ASM\Ebb&Flow (16F648A v4.41)\I2C.asm
                 I2C_Stop   0x00072c    program     extern C:\Users\Panagiotis\Documents\Coding\Embedded\Ebb & Flow Pic ASM\Ebb&Flow (16F648A v4.41)\I2C.asm
                I2C_Write   0x00074e    program     extern C:\Users\Panagiotis\Documents\Coding\Embedded\Ebb & Flow Pic ASM\Ebb&Flow (16F648A v4.41)\I2C.asm
                      IDL   0x000408    program     static C:\Users\Panagiotis\Documents\Coding\Embedded\Ebb & Flow Pic ASM\Ebb&Flow (16F648A v4.41)\Alarms.asm
                 IdleLoop   0x00030a    program     static C:\Users\Panagiotis\Documents\Coding\Embedded\Ebb & Flow Pic ASM\Ebb&Flow (16F648A v4.41)\Main.asm
               IdlingText   0x000dd4    program     static C:\Users\Panagiotis\Documents\Coding\Embedded\Ebb & Flow Pic ASM\Ebb&Flow (16F648A v4.41)\DataTables.asm
              IncContrast   0x000167    program     static C:\Users\Panagiotis\Documents\Coding\Embedded\Ebb & Flow Pic ASM\Ebb&Flow (16F648A v4.41)\Main.asm
                   IncVar   0x000249    program     static C:\Users\Panagiotis\Documents\Coding\Embedded\Ebb & Flow Pic ASM\Ebb&Flow (16F648A v4.41)\Main.asm
              IncVariable   0x000235    program     static C:\Users\Panagiotis\Documents\Coding\Embedded\Ebb & Flow Pic ASM\Ebb&Flow (16F648A v4.41)\Main.asm
               InitialSCR   0x00017c    program     static C:\Users\Panagiotis\Documents\Coding\Embedded\Ebb & Flow Pic ASM\Ebb&Flow (16F648A v4.41)\Main.asm
           Initialize_RTC   0x0006db    program     extern C:\Users\Panagiotis\Documents\Coding\Embedded\Ebb & Flow Pic ASM\Ebb&Flow (16F648A v4.41)\I2C.asm
                  KeyDown   0x000114    program     static C:\Users\Panagiotis\Documents\Coding\Embedded\Ebb & Flow Pic ASM\Ebb&Flow (16F648A v4.41)\Main.asm
      KeyDownRoutineTable   0x00011b    program     static C:\Users\Panagiotis\Documents\Coding\Embedded\Ebb & Flow Pic ASM\Ebb&Flow (16F648A v4.41)\Main.asm
                 KeyEnter   0x00012e    program     static C:\Users\Panagiotis\Documents\Coding\Embedded\Ebb & Flow Pic ASM\Ebb&Flow (16F648A v4.41)\Main.asm
     KeyEnterRoutineTable   0x000135    program     static C:\Users\Panagiotis\Documents\Coding\Embedded\Ebb & Flow Pic ASM\Ebb&Flow (16F648A v4.41)\Main.asm
                  KeyExit   0x00013b    program     static C:\Users\Panagiotis\Documents\Coding\Embedded\Ebb & Flow Pic ASM\Ebb&Flow (16F648A v4.41)\Main.asm
      KeyExitRoutineTable   0x000142    program     static C:\Users\Panagiotis\Documents\Coding\Embedded\Ebb & Flow Pic ASM\Ebb&Flow (16F648A v4.41)\Main.asm
                    KeyUp   0x000121    program     static C:\Users\Panagiotis\Documents\Coding\Embedded\Ebb & Flow Pic ASM\Ebb&Flow (16F648A v4.41)\Main.asm
        KeyUpRoutineTable   0x000128    program     static C:\Users\Panagiotis\Documents\Coding\Embedded\Ebb & Flow Pic ASM\Ebb&Flow (16F648A v4.41)\Main.asm
                 LCD_Init   0x0004b0    program     extern C:\Users\Panagiotis\Documents\Coding\Embedded\Ebb & Flow Pic ASM\Ebb&Flow (16F648A v4.41)\SerialLCD.asm
              LCD_MenuMsg   0x000347    program     static C:\Users\Panagiotis\Documents\Coding\Embedded\Ebb & Flow Pic ASM\Ebb&Flow (16F648A v4.41)\Main.asm
         LCD_MenuMsg_Loop   0x000351    program     static C:\Users\Panagiotis\Documents\Coding\Embedded\Ebb & Flow Pic ASM\Ebb&Flow (16F648A v4.41)\Main.asm
                 LCD_Text   0x000376    program     static C:\Users\Panagiotis\Documents\Coding\Embedded\Ebb & Flow Pic ASM\Ebb&Flow (16F648A v4.41)\Main.asm
                  LCD_chr   0x00049a    program     extern C:\Users\Panagiotis\Documents\Coding\Embedded\Ebb & Flow Pic ASM\Ebb&Flow (16F648A v4.41)\SerialLCD.asm
                  LCD_cmd   0x00047c    program     extern C:\Users\Panagiotis\Documents\Coding\Embedded\Ebb & Flow Pic ASM\Ebb&Flow (16F648A v4.41)\SerialLCD.asm
                  LCD_msg   0x00034b    program     static C:\Users\Panagiotis\Documents\Coding\Embedded\Ebb & Flow Pic ASM\Ebb&Flow (16F648A v4.41)\Main.asm
                  LFSwVar   0x000bd0    program     static C:\Users\Panagiotis\Documents\Coding\Embedded\Ebb & Flow Pic ASM\Ebb&Flow (16F648A v4.41)\DataTables.asm
                  LOW_SCL   0x000780    program     static C:\Users\Panagiotis\Documents\Coding\Embedded\Ebb & Flow Pic ASM\Ebb&Flow (16F648A v4.41)\I2C.asm
                  LOW_SDA   0x000773    program     static C:\Users\Panagiotis\Documents\Coding\Embedded\Ebb & Flow Pic ASM\Ebb&Flow (16F648A v4.41)\I2C.asm
                LastLine1   0x0001f3    program     static C:\Users\Panagiotis\Documents\Coding\Embedded\Ebb & Flow Pic ASM\Ebb&Flow (16F648A v4.41)\Main.asm
                LastLine2   0x0001ff    program     static C:\Users\Panagiotis\Documents\Coding\Embedded\Ebb & Flow Pic ASM\Ebb&Flow (16F648A v4.41)\Main.asm
                 LoadTime   0x00029a    program     static C:\Users\Panagiotis\Documents\Coding\Embedded\Ebb & Flow Pic ASM\Ebb&Flow (16F648A v4.41)\Main.asm
                     Loop   0x000df4    program     static C:\Users\Panagiotis\Documents\Coding\Embedded\Ebb & Flow Pic ASM\Ebb&Flow (16F648A v4.41)\CustomLCDChars.asm
                     Loop   0x000686    program     static C:\Users\Panagiotis\Documents\Coding\Embedded\Ebb & Flow Pic ASM\Ebb&Flow (16F648A v4.41)\TimeValue.asm
                     Loop   0x0003ee    program     static C:\Users\Panagiotis\Documents\Coding\Embedded\Ebb & Flow Pic ASM\Ebb&Flow (16F648A v4.41)\RLCD.asm
                     Loop   0x00005a    program     static C:\Users\Panagiotis\Documents\Coding\Embedded\Ebb & Flow Pic ASM\Ebb&Flow (16F648A v4.41)\Hex2Dec.asm
                 LoopCont   0x0000cf    program     static C:\Users\Panagiotis\Documents\Coding\Embedded\Ebb & Flow Pic ASM\Ebb&Flow (16F648A v4.41)\Main.asm
                       M1   0x000bfa    program     static C:\Users\Panagiotis\Documents\Coding\Embedded\Ebb & Flow Pic ASM\Ebb&Flow (16F648A v4.41)\DataTables.asm
                      M10   0x000c6b    program     static C:\Users\Panagiotis\Documents\Coding\Embedded\Ebb & Flow Pic ASM\Ebb&Flow (16F648A v4.41)\DataTables.asm
                      M11   0x000c7a    program     static C:\Users\Panagiotis\Documents\Coding\Embedded\Ebb & Flow Pic ASM\Ebb&Flow (16F648A v4.41)\DataTables.asm
                      M12   0x000c8a    program     static C:\Users\Panagiotis\Documents\Coding\Embedded\Ebb & Flow Pic ASM\Ebb&Flow (16F648A v4.41)\DataTables.asm
                      M13   0x000c9a    program     static C:\Users\Panagiotis\Documents\Coding\Embedded\Ebb & Flow Pic ASM\Ebb&Flow (16F648A v4.41)\DataTables.asm
                      M14   0x000ca6    program     static C:\Users\Panagiotis\Documents\Coding\Embedded\Ebb & Flow Pic ASM\Ebb&Flow (16F648A v4.41)\DataTables.asm
                      M15   0x000cb2    program     static C:\Users\Panagiotis\Documents\Coding\Embedded\Ebb & Flow Pic ASM\Ebb&Flow (16F648A v4.41)\DataTables.asm
                      M16   0x000cbe    program     static C:\Users\Panagiotis\Documents\Coding\Embedded\Ebb & Flow Pic ASM\Ebb&Flow (16F648A v4.41)\DataTables.asm
                      M17   0x000cca    program     static C:\Users\Panagiotis\Documents\Coding\Embedded\Ebb & Flow Pic ASM\Ebb&Flow (16F648A v4.41)\DataTables.asm
                      M18   0x000cd6    program     static C:\Users\Panagiotis\Documents\Coding\Embedded\Ebb & Flow Pic ASM\Ebb&Flow (16F648A v4.41)\DataTables.asm
                      M19   0x000ce2    program     static C:\Users\Panagiotis\Documents\Coding\Embedded\Ebb & Flow Pic ASM\Ebb&Flow (16F648A v4.41)\DataTables.asm
                       M2   0x000c04    program     static C:\Users\Panagiotis\Documents\Coding\Embedded\Ebb & Flow Pic ASM\Ebb&Flow (16F648A v4.41)\DataTables.asm
                      M20   0x000cee    program     static C:\Users\Panagiotis\Documents\Coding\Embedded\Ebb & Flow Pic ASM\Ebb&Flow (16F648A v4.41)\DataTables.asm
                      M21   0x000cfa    program     static C:\Users\Panagiotis\Documents\Coding\Embedded\Ebb & Flow Pic ASM\Ebb&Flow (16F648A v4.41)\DataTables.asm
                      M22   0x000d06    program     static C:\Users\Panagiotis\Documents\Coding\Embedded\Ebb & Flow Pic ASM\Ebb&Flow (16F648A v4.41)\DataTables.asm
                       M3   0x000c0f    program     static C:\Users\Panagiotis\Documents\Coding\Embedded\Ebb & Flow Pic ASM\Ebb&Flow (16F648A v4.41)\DataTables.asm
                       M4   0x000c1d    program     static C:\Users\Panagiotis\Documents\Coding\Embedded\Ebb & Flow Pic ASM\Ebb&Flow (16F648A v4.41)\DataTables.asm
                       M5   0x000c2c    program     static C:\Users\Panagiotis\Documents\Coding\Embedded\Ebb & Flow Pic ASM\Ebb&Flow (16F648A v4.41)\DataTables.asm
                      M53   0x000d13    program     static C:\Users\Panagiotis\Documents\Coding\Embedded\Ebb & Flow Pic ASM\Ebb&Flow (16F648A v4.41)\DataTables.asm
                      M54   0x000d22    program     static C:\Users\Panagiotis\Documents\Coding\Embedded\Ebb & Flow Pic ASM\Ebb&Flow (16F648A v4.41)\DataTables.asm
                      M55   0x000d31    program     static C:\Users\Panagiotis\Documents\Coding\Embedded\Ebb & Flow Pic ASM\Ebb&Flow (16F648A v4.41)\DataTables.asm
                      M56   0x000d40    program     static C:\Users\Panagiotis\Documents\Coding\Embedded\Ebb & Flow Pic ASM\Ebb&Flow (16F648A v4.41)\DataTables.asm
                      M57   0x000d4f    program     static C:\Users\Panagiotis\Documents\Coding\Embedded\Ebb & Flow Pic ASM\Ebb&Flow (16F648A v4.41)\DataTables.asm
                       M6   0x000c31    program     static C:\Users\Panagiotis\Documents\Coding\Embedded\Ebb & Flow Pic ASM\Ebb&Flow (16F648A v4.41)\DataTables.asm
                       M7   0x000c41    program     static C:\Users\Panagiotis\Documents\Coding\Embedded\Ebb & Flow Pic ASM\Ebb&Flow (16F648A v4.41)\DataTables.asm
                       M8   0x000c50    program     static C:\Users\Panagiotis\Documents\Coding\Embedded\Ebb & Flow Pic ASM\Ebb&Flow (16F648A v4.41)\DataTables.asm
                       M9   0x000c5b    program     static C:\Users\Panagiotis\Documents\Coding\Embedded\Ebb & Flow Pic ASM\Ebb&Flow (16F648A v4.41)\DataTables.asm
                      MNo   0x000de6    program     static C:\Users\Panagiotis\Documents\Coding\Embedded\Ebb & Flow Pic ASM\Ebb&Flow (16F648A v4.41)\DataTables.asm
                     MOff   0x000dec    program     static C:\Users\Panagiotis\Documents\Coding\Embedded\Ebb & Flow Pic ASM\Ebb&Flow (16F648A v4.41)\DataTables.asm
                      MOn   0x000de9    program     static C:\Users\Panagiotis\Documents\Coding\Embedded\Ebb & Flow Pic ASM\Ebb&Flow (16F648A v4.41)\DataTables.asm
                     MYes   0x000de2    program     static C:\Users\Panagiotis\Documents\Coding\Embedded\Ebb & Flow Pic ASM\Ebb&Flow (16F648A v4.41)\DataTables.asm
              ManualDrain   0x0002e7    program     static C:\Users\Panagiotis\Documents\Coding\Embedded\Ebb & Flow Pic ASM\Ebb&Flow (16F648A v4.41)\Main.asm
              ManualFlood   0x0002d1    program     static C:\Users\Panagiotis\Documents\Coding\Embedded\Ebb & Flow Pic ASM\Ebb&Flow (16F648A v4.41)\Main.asm
               ManualIdle   0x0002fe    program     static C:\Users\Panagiotis\Documents\Coding\Embedded\Ebb & Flow Pic ASM\Ebb&Flow (16F648A v4.41)\Main.asm
                    Menu1   0x000800    program     static C:\Users\Panagiotis\Documents\Coding\Embedded\Ebb & Flow Pic ASM\Ebb&Flow (16F648A v4.41)\DataTables.asm
                   Menu10   0x000848    program     static C:\Users\Panagiotis\Documents\Coding\Embedded\Ebb & Flow Pic ASM\Ebb&Flow (16F648A v4.41)\DataTables.asm
                   Menu11   0x000850    program     static C:\Users\Panagiotis\Documents\Coding\Embedded\Ebb & Flow Pic ASM\Ebb&Flow (16F648A v4.41)\DataTables.asm
                   Menu12   0x000858    program     static C:\Users\Panagiotis\Documents\Coding\Embedded\Ebb & Flow Pic ASM\Ebb&Flow (16F648A v4.41)\DataTables.asm
                   Menu13   0x000860    program     static C:\Users\Panagiotis\Documents\Coding\Embedded\Ebb & Flow Pic ASM\Ebb&Flow (16F648A v4.41)\DataTables.asm
                   Menu14   0x000868    program     static C:\Users\Panagiotis\Documents\Coding\Embedded\Ebb & Flow Pic ASM\Ebb&Flow (16F648A v4.41)\DataTables.asm
                   Menu15   0x000870    program     static C:\Users\Panagiotis\Documents\Coding\Embedded\Ebb & Flow Pic ASM\Ebb&Flow (16F648A v4.41)\DataTables.asm
                   Menu16   0x000878    program     static C:\Users\Panagiotis\Documents\Coding\Embedded\Ebb & Flow Pic ASM\Ebb&Flow (16F648A v4.41)\DataTables.asm
                   Menu17   0x000880    program     static C:\Users\Panagiotis\Documents\Coding\Embedded\Ebb & Flow Pic ASM\Ebb&Flow (16F648A v4.41)\DataTables.asm
                   Menu18   0x000888    program     static C:\Users\Panagiotis\Documents\Coding\Embedded\Ebb & Flow Pic ASM\Ebb&Flow (16F648A v4.41)\DataTables.asm
                   Menu19   0x000890    program     static C:\Users\Panagiotis\Documents\Coding\Embedded\Ebb & Flow Pic ASM\Ebb&Flow (16F648A v4.41)\DataTables.asm
                    Menu2   0x000808    program     static C:\Users\Panagiotis\Documents\Coding\Embedded\Ebb & Flow Pic ASM\Ebb&Flow (16F648A v4.41)\DataTables.asm
                   Menu20   0x000898    program     static C:\Users\Panagiotis\Documents\Coding\Embedded\Ebb & Flow Pic ASM\Ebb&Flow (16F648A v4.41)\DataTables.asm
                   Menu21   0x0008a0    program     static C:\Users\Panagiotis\Documents\Coding\Embedded\Ebb & Flow Pic ASM\Ebb&Flow (16F648A v4.41)\DataTables.asm
                   Menu22   0x0008a8    program     static C:\Users\Panagiotis\Documents\Coding\Embedded\Ebb & Flow Pic ASM\Ebb&Flow (16F648A v4.41)\DataTables.asm
                   Menu23   0x0008b0    program     static C:\Users\Panagiotis\Documents\Coding\Embedded\Ebb & Flow Pic ASM\Ebb&Flow (16F648A v4.41)\DataTables.asm
                   Menu24   0x0008b8    program     static C:\Users\Panagiotis\Documents\Coding\Embedded\Ebb & Flow Pic ASM\Ebb&Flow (16F648A v4.41)\DataTables.asm
                   Menu25   0x0008c0    program     static C:\Users\Panagiotis\Documents\Coding\Embedded\Ebb & Flow Pic ASM\Ebb&Flow (16F648A v4.41)\DataTables.asm
                   Menu26   0x0008c8    program     static C:\Users\Panagiotis\Documents\Coding\Embedded\Ebb & Flow Pic ASM\Ebb&Flow (16F648A v4.41)\DataTables.asm
                   Menu27   0x0008d0    program     static C:\Users\Panagiotis\Documents\Coding\Embedded\Ebb & Flow Pic ASM\Ebb&Flow (16F648A v4.41)\DataTables.asm
                   Menu28   0x0008d8    program     static C:\Users\Panagiotis\Documents\Coding\Embedded\Ebb & Flow Pic ASM\Ebb&Flow (16F648A v4.41)\DataTables.asm
                   Menu29   0x0008e0    program     static C:\Users\Panagiotis\Documents\Coding\Embedded\Ebb & Flow Pic ASM\Ebb&Flow (16F648A v4.41)\DataTables.asm
                    Menu3   0x000810    program     static C:\Users\Panagiotis\Documents\Coding\Embedded\Ebb & Flow Pic ASM\Ebb&Flow (16F648A v4.41)\DataTables.asm
                   Menu30   0x0008e8    program     static C:\Users\Panagiotis\Documents\Coding\Embedded\Ebb & Flow Pic ASM\Ebb&Flow (16F648A v4.41)\DataTables.asm
                   Menu31   0x0008f0    program     static C:\Users\Panagiotis\Documents\Coding\Embedded\Ebb & Flow Pic ASM\Ebb&Flow (16F648A v4.41)\DataTables.asm
                   Menu32   0x0008f8    program     static C:\Users\Panagiotis\Documents\Coding\Embedded\Ebb & Flow Pic ASM\Ebb&Flow (16F648A v4.41)\DataTables.asm
                   Menu33   0x000900    program     static C:\Users\Panagiotis\Documents\Coding\Embedded\Ebb & Flow Pic ASM\Ebb&Flow (16F648A v4.41)\DataTables.asm
                   Menu34   0x000908    program     static C:\Users\Panagiotis\Documents\Coding\Embedded\Ebb & Flow Pic ASM\Ebb&Flow (16F648A v4.41)\DataTables.asm
                   Menu35   0x000910    program     static C:\Users\Panagiotis\Documents\Coding\Embedded\Ebb & Flow Pic ASM\Ebb&Flow (16F648A v4.41)\DataTables.asm
                   Menu36   0x000918    program     static C:\Users\Panagiotis\Documents\Coding\Embedded\Ebb & Flow Pic ASM\Ebb&Flow (16F648A v4.41)\DataTables.asm
                   Menu37   0x000920    program     static C:\Users\Panagiotis\Documents\Coding\Embedded\Ebb & Flow Pic ASM\Ebb&Flow (16F648A v4.41)\DataTables.asm
                   Menu38   0x000928    program     static C:\Users\Panagiotis\Documents\Coding\Embedded\Ebb & Flow Pic ASM\Ebb&Flow (16F648A v4.41)\DataTables.asm
                   Menu39   0x000930    program     static C:\Users\Panagiotis\Documents\Coding\Embedded\Ebb & Flow Pic ASM\Ebb&Flow (16F648A v4.41)\DataTables.asm
                    Menu4   0x000818    program     static C:\Users\Panagiotis\Documents\Coding\Embedded\Ebb & Flow Pic ASM\Ebb&Flow (16F648A v4.41)\DataTables.asm
                   Menu40   0x000938    program     static C:\Users\Panagiotis\Documents\Coding\Embedded\Ebb & Flow Pic ASM\Ebb&Flow (16F648A v4.41)\DataTables.asm
                   Menu41   0x000940    program     static C:\Users\Panagiotis\Documents\Coding\Embedded\Ebb & Flow Pic ASM\Ebb&Flow (16F648A v4.41)\DataTables.asm
                   Menu42   0x000948    program     static C:\Users\Panagiotis\Documents\Coding\Embedded\Ebb & Flow Pic ASM\Ebb&Flow (16F648A v4.41)\DataTables.asm
                   Menu43   0x000950    program     static C:\Users\Panagiotis\Documents\Coding\Embedded\Ebb & Flow Pic ASM\Ebb&Flow (16F648A v4.41)\DataTables.asm
                   Menu44   0x000958    program     static C:\Users\Panagiotis\Documents\Coding\Embedded\Ebb & Flow Pic ASM\Ebb&Flow (16F648A v4.41)\DataTables.asm
                   Menu45   0x000960    program     static C:\Users\Panagiotis\Documents\Coding\Embedded\Ebb & Flow Pic ASM\Ebb&Flow (16F648A v4.41)\DataTables.asm
                   Menu46   0x000968    program     static C:\Users\Panagiotis\Documents\Coding\Embedded\Ebb & Flow Pic ASM\Ebb&Flow (16F648A v4.41)\DataTables.asm
                   Menu47   0x000970    program     static C:\Users\Panagiotis\Documents\Coding\Embedded\Ebb & Flow Pic ASM\Ebb&Flow (16F648A v4.41)\DataTables.asm
                   Menu48   0x000978    program     static C:\Users\Panagiotis\Documents\Coding\Embedded\Ebb & Flow Pic ASM\Ebb&Flow (16F648A v4.41)\DataTables.asm
                   Menu49   0x000980    program     static C:\Users\Panagiotis\Documents\Coding\Embedded\Ebb & Flow Pic ASM\Ebb&Flow (16F648A v4.41)\DataTables.asm
                    Menu5   0x000820    program     static C:\Users\Panagiotis\Documents\Coding\Embedded\Ebb & Flow Pic ASM\Ebb&Flow (16F648A v4.41)\DataTables.asm
                   Menu50   0x000988    program     static C:\Users\Panagiotis\Documents\Coding\Embedded\Ebb & Flow Pic ASM\Ebb&Flow (16F648A v4.41)\DataTables.asm
                   Menu51   0x000990    program     static C:\Users\Panagiotis\Documents\Coding\Embedded\Ebb & Flow Pic ASM\Ebb&Flow (16F648A v4.41)\DataTables.asm
                   Menu52   0x000998    program     static C:\Users\Panagiotis\Documents\Coding\Embedded\Ebb & Flow Pic ASM\Ebb&Flow (16F648A v4.41)\DataTables.asm
                   Menu53   0x0009a0    program     static C:\Users\Panagiotis\Documents\Coding\Embedded\Ebb & Flow Pic ASM\Ebb&Flow (16F648A v4.41)\DataTables.asm
                   Menu54   0x0009a8    program     static C:\Users\Panagiotis\Documents\Coding\Embedded\Ebb & Flow Pic ASM\Ebb&Flow (16F648A v4.41)\DataTables.asm
                   Menu55   0x0009b0    program     static C:\Users\Panagiotis\Documents\Coding\Embedded\Ebb & Flow Pic ASM\Ebb&Flow (16F648A v4.41)\DataTables.asm
                   Menu56   0x0009b8    program     static C:\Users\Panagiotis\Documents\Coding\Embedded\Ebb & Flow Pic ASM\Ebb&Flow (16F648A v4.41)\DataTables.asm
                   Menu57   0x0009c0    program     static C:\Users\Panagiotis\Documents\Coding\Embedded\Ebb & Flow Pic ASM\Ebb&Flow (16F648A v4.41)\DataTables.asm
                    Menu6   0x000828    program     static C:\Users\Panagiotis\Documents\Coding\Embedded\Ebb & Flow Pic ASM\Ebb&Flow (16F648A v4.41)\DataTables.asm
                    Menu7   0x000830    program     static C:\Users\Panagiotis\Documents\Coding\Embedded\Ebb & Flow Pic ASM\Ebb&Flow (16F648A v4.41)\DataTables.asm
                    Menu8   0x000838    program     static C:\Users\Panagiotis\Documents\Coding\Embedded\Ebb & Flow Pic ASM\Ebb&Flow (16F648A v4.41)\DataTables.asm
                    Menu9   0x000840    program     static C:\Users\Panagiotis\Documents\Coding\Embedded\Ebb & Flow Pic ASM\Ebb&Flow (16F648A v4.41)\DataTables.asm
              MenuItemTbl   0x000800    program     extern C:\Users\Panagiotis\Documents\Coding\Embedded\Ebb & Flow Pic ASM\Ebb&Flow (16F648A v4.41)\DataTables.asm
                 MenuLoop   0x0000b2    program     static C:\Users\Panagiotis\Documents\Coding\Embedded\Ebb & Flow Pic ASM\Ebb&Flow (16F648A v4.41)\Main.asm
                Mic_Delay   0x000393    program     static C:\Users\Panagiotis\Documents\Coding\Embedded\Ebb & Flow Pic ASM\Ebb&Flow (16F648A v4.41)\Delay.asm
               MicroDelay   0x000391    program     extern C:\Users\Panagiotis\Documents\Coding\Embedded\Ebb & Flow Pic ASM\Ebb&Flow (16F648A v4.41)\Delay.asm
                MiliDelay   0x000387    program     extern C:\Users\Panagiotis\Documents\Coding\Embedded\Ebb & Flow Pic ASM\Ebb&Flow (16F648A v4.41)\Delay.asm
                  MinText   0x000d97    program     static C:\Users\Panagiotis\Documents\Coding\Embedded\Ebb & Flow Pic ASM\Ebb&Flow (16F648A v4.41)\DataTables.asm
                 MoveBack   0x000286    program     static C:\Users\Panagiotis\Documents\Coding\Embedded\Ebb & Flow Pic ASM\Ebb&Flow (16F648A v4.41)\Main.asm
                 MoveLeft   0x000280    program     static C:\Users\Panagiotis\Documents\Coding\Embedded\Ebb & Flow Pic ASM\Ebb&Flow (16F648A v4.41)\Main.asm
                MoveRight   0x00026d    program     static C:\Users\Panagiotis\Documents\Coding\Embedded\Ebb & Flow Pic ASM\Ebb&Flow (16F648A v4.41)\Main.asm
                MoveToRam   0x00055d    program     static C:\Users\Panagiotis\Documents\Coding\Embedded\Ebb & Flow Pic ASM\Ebb&Flow (16F648A v4.41)\ReadTables.asm
                Mtbl_Loop   0x0005d0    program     static C:\Users\Panagiotis\Documents\Coding\Embedded\Ebb & Flow Pic ASM\Ebb&Flow (16F648A v4.41)\ReadTables.asm
                  MulLoop   0x00066b    program     static C:\Users\Panagiotis\Documents\Coding\Embedded\Ebb & Flow Pic ASM\Ebb&Flow (16F648A v4.41)\TimeValue.asm
                NextAlarm   0x000458    program     static C:\Users\Panagiotis\Documents\Coding\Embedded\Ebb & Flow Pic ASM\Ebb&Flow (16F648A v4.41)\Alarms.asm
                  NextCHR   0x000367    program     static C:\Users\Panagiotis\Documents\Coding\Embedded\Ebb & Flow Pic ASM\Ebb&Flow (16F648A v4.41)\Main.asm
                  NoAlarm   0x000453    program     static C:\Users\Panagiotis\Documents\Coding\Embedded\Ebb & Flow Pic ASM\Ebb&Flow (16F648A v4.41)\Alarms.asm
                 NoAlarm2   0x000468    program     static C:\Users\Panagiotis\Documents\Coding\Embedded\Ebb & Flow Pic ASM\Ebb&Flow (16F648A v4.41)\Alarms.asm
          No_ACK_Received   0x00076a    program     static C:\Users\Panagiotis\Documents\Coding\Embedded\Ebb & Flow Pic ASM\Ebb&Flow (16F648A v4.41)\I2C.asm
                   ORThem   0x0000c3    program     static C:\Users\Panagiotis\Documents\Coding\Embedded\Ebb & Flow Pic ASM\Ebb&Flow (16F648A v4.41)\Main.asm
            OnOffDataType   0x0003b6    program     static C:\Users\Panagiotis\Documents\Coding\Embedded\Ebb & Flow Pic ASM\Ebb&Flow (16F648A v4.41)\RLCD.asm
                  Out_Bit   0x000752    program     static C:\Users\Panagiotis\Documents\Coding\Embedded\Ebb & Flow Pic ASM\Ebb&Flow (16F648A v4.41)\I2C.asm
                 Out_Cont   0x00075d    program     static C:\Users\Panagiotis\Documents\Coding\Embedded\Ebb & Flow Pic ASM\Ebb&Flow (16F648A v4.41)\I2C.asm
                  Out_One   0x00075a    program     static C:\Users\Panagiotis\Documents\Coding\Embedded\Ebb & Flow Pic ASM\Ebb&Flow (16F648A v4.41)\I2C.asm
                 Out_Zero   0x000757    program     static C:\Users\Panagiotis\Documents\Coding\Embedded\Ebb & Flow Pic ASM\Ebb&Flow (16F648A v4.41)\I2C.asm
     PopulateExtendedMenu   0x00031a    program     static C:\Users\Panagiotis\Documents\Coding\Embedded\Ebb & Flow Pic ASM\Ebb&Flow (16F648A v4.41)\Main.asm
          PrintArrowLine1   0x00020b    program     static C:\Users\Panagiotis\Documents\Coding\Embedded\Ebb & Flow Pic ASM\Ebb&Flow (16F648A v4.41)\Main.asm
          PrintArrowLine2   0x000210    program     static C:\Users\Panagiotis\Documents\Coding\Embedded\Ebb & Flow Pic ASM\Ebb&Flow (16F648A v4.41)\Main.asm
                 PrintCHR   0x000363    program     static C:\Users\Panagiotis\Documents\Coding\Embedded\Ebb & Flow Pic ASM\Ebb&Flow (16F648A v4.41)\Main.asm
         PrintLCDVariable   0x000396    program     extern C:\Users\Panagiotis\Documents\Coding\Embedded\Ebb & Flow Pic ASM\Ebb&Flow (16F648A v4.41)\RLCD.asm
              ReadChrData   0x000e03    program     static C:\Users\Panagiotis\Documents\Coding\Embedded\Ebb & Flow Pic ASM\Ebb&Flow (16F648A v4.41)\CustomLCDChars.asm
           ReadCursorData   0x0005b0    program     static C:\Users\Panagiotis\Documents\Coding\Embedded\Ebb & Flow Pic ASM\Ebb&Flow (16F648A v4.41)\ReadTables.asm
            ReadCursorTbl   0x0005a1    program     extern C:\Users\Panagiotis\Documents\Coding\Embedded\Ebb & Flow Pic ASM\Ebb&Flow (16F648A v4.41)\ReadTables.asm
          ReadExtMenuItem   0x00058a    program     extern C:\Users\Panagiotis\Documents\Coding\Embedded\Ebb & Flow Pic ASM\Ebb&Flow (16F648A v4.41)\ReadTables.asm
                 ReadLoop   0x000735    program     static C:\Users\Panagiotis\Documents\Coding\Embedded\Ebb & Flow Pic ASM\Ebb&Flow (16F648A v4.41)\I2C.asm
             ReadMenuItem   0x0005d8    program     static C:\Users\Panagiotis\Documents\Coding\Embedded\Ebb & Flow Pic ASM\Ebb&Flow (16F648A v4.41)\ReadTables.asm
            ReadMenuTable   0x0005b7    program     extern C:\Users\Panagiotis\Documents\Coding\Embedded\Ebb & Flow Pic ASM\Ebb&Flow (16F648A v4.41)\ReadTables.asm
             ReadVarTable   0x00054c    program     extern C:\Users\Panagiotis\Documents\Coding\Embedded\Ebb & Flow Pic ASM\Ebb&Flow (16F648A v4.41)\ReadTables.asm
              Read_DS1307   0x00070d    program     extern C:\Users\Panagiotis\Documents\Coding\Embedded\Ebb & Flow Pic ASM\Ebb&Flow (16F648A v4.41)\I2C.asm
               RefreshLCD   0x0003e7    program     extern C:\Users\Panagiotis\Documents\Coding\Embedded\Ebb & Flow Pic ASM\Ebb&Flow (16F648A v4.41)\RLCD.asm
            RefreshScreen   0x0001ee    program     static C:\Users\Panagiotis\Documents\Coding\Embedded\Ebb & Flow Pic ASM\Ebb&Flow (16F648A v4.41)\Main.asm
    RestoreRelativeColumn   0x0003fd    program     static C:\Users\Panagiotis\Documents\Coding\Embedded\Ebb & Flow Pic ASM\Ebb&Flow (16F648A v4.41)\RLCD.asm
              ReturnDrain   0x00065a    program     static C:\Users\Panagiotis\Documents\Coding\Embedded\Ebb & Flow Pic ASM\Ebb&Flow (16F648A v4.41)\TimeValue.asm
              ReturnFlood   0x000657    program     static C:\Users\Panagiotis\Documents\Coding\Embedded\Ebb & Flow Pic ASM\Ebb&Flow (16F648A v4.41)\TimeValue.asm
               ReturnIdle   0x00065d    program     static C:\Users\Panagiotis\Documents\Coding\Embedded\Ebb & Flow Pic ASM\Ebb&Flow (16F648A v4.41)\TimeValue.asm
                ReturnOff   0x0003d1    program     static C:\Users\Panagiotis\Documents\Coding\Embedded\Ebb & Flow Pic ASM\Ebb&Flow (16F648A v4.41)\RLCD.asm
                 ReturnOn   0x0003bb    program     static C:\Users\Panagiotis\Documents\Coding\Embedded\Ebb & Flow Pic ASM\Ebb&Flow (16F648A v4.41)\RLCD.asm
                 Routines   0x000148    program     static C:\Users\Panagiotis\Documents\Coding\Embedded\Ebb & Flow Pic ASM\Ebb&Flow (16F648A v4.41)\Main.asm
            RoutinesTable   0x000150    program     static C:\Users\Panagiotis\Documents\Coding\Embedded\Ebb & Flow Pic ASM\Ebb&Flow (16F648A v4.41)\Main.asm
                 SaveTime   0x0002ba    program     static C:\Users\Panagiotis\Documents\Coding\Embedded\Ebb & Flow Pic ASM\Ebb&Flow (16F648A v4.41)\Main.asm
               ScrollDown   0x00018f    program     static C:\Users\Panagiotis\Documents\Coding\Embedded\Ebb & Flow Pic ASM\Ebb&Flow (16F648A v4.41)\Main.asm
                 ScrollUp   0x0001a4    program     static C:\Users\Panagiotis\Documents\Coding\Embedded\Ebb & Flow Pic ASM\Ebb&Flow (16F648A v4.41)\Main.asm
                  SendACK   0x000748    program     static C:\Users\Panagiotis\Documents\Coding\Embedded\Ebb & Flow Pic ASM\Ebb&Flow (16F648A v4.41)\I2C.asm
                 SendNACK   0x00074b    program     static C:\Users\Panagiotis\Documents\Coding\Embedded\Ebb & Flow Pic ASM\Ebb&Flow (16F648A v4.41)\I2C.asm
                SetCursor   0x00035c    program     static C:\Users\Panagiotis\Documents\Coding\Embedded\Ebb & Flow Pic ASM\Ebb&Flow (16F648A v4.41)\Main.asm
           SetDrainPumpOn   0x0004ea    program     static C:\Users\Panagiotis\Documents\Coding\Embedded\Ebb & Flow Pic ASM\Ebb&Flow (16F648A v4.41)\WaterStatus.asm
           SetFloodPumpOn   0x000504    program     static C:\Users\Panagiotis\Documents\Coding\Embedded\Ebb & Flow Pic ASM\Ebb&Flow (16F648A v4.41)\WaterStatus.asm
                  SetIdle   0x000506    program     static C:\Users\Panagiotis\Documents\Coding\Embedded\Ebb & Flow Pic ASM\Ebb&Flow (16F648A v4.41)\WaterStatus.asm
                 Set_LFSw   0x000af0    program     static C:\Users\Panagiotis\Documents\Coding\Embedded\Ebb & Flow Pic ASM\Ebb&Flow (16F648A v4.41)\DataTables.asm
                 Set_Time   0x000ae0    program     static C:\Users\Panagiotis\Documents\Coding\Embedded\Ebb & Flow Pic ASM\Ebb&Flow (16F648A v4.41)\DataTables.asm
                 Set_UFSw   0x000ae8    program     static C:\Users\Panagiotis\Documents\Coding\Embedded\Ebb & Flow Pic ASM\Ebb&Flow (16F648A v4.41)\DataTables.asm
         ShowActiveAlarms   0x000445    program     extern C:\Users\Panagiotis\Documents\Coding\Embedded\Ebb & Flow Pic ASM\Ebb&Flow (16F648A v4.41)\Alarms.asm
        ShowTimeAndStatus   0x000400    program     extern C:\Users\Panagiotis\Documents\Coding\Embedded\Ebb & Flow Pic ASM\Ebb&Flow (16F648A v4.41)\Alarms.asm
               StatusText   0x000db0    program     static C:\Users\Panagiotis\Documents\Coding\Embedded\Ebb & Flow Pic ASM\Ebb&Flow (16F648A v4.41)\DataTables.asm
                StatusTxt   0x000d58    program     static C:\Users\Panagiotis\Documents\Coding\Embedded\Ebb & Flow Pic ASM\Ebb&Flow (16F648A v4.41)\DataTables.asm
                  SubLoop   0x000674    program     static C:\Users\Panagiotis\Documents\Coding\Embedded\Ebb & Flow Pic ASM\Ebb&Flow (16F648A v4.41)\TimeValue.asm
                     Text   0x000bfa    program     static C:\Users\Panagiotis\Documents\Coding\Embedded\Ebb & Flow Pic ASM\Ebb&Flow (16F648A v4.41)\DataTables.asm
                 TimeText   0x000d81    program     static C:\Users\Panagiotis\Documents\Coding\Embedded\Ebb & Flow Pic ASM\Ebb&Flow (16F648A v4.41)\DataTables.asm
                TimeValue   0x000660    program     extern C:\Users\Panagiotis\Documents\Coding\Embedded\Ebb & Flow Pic ASM\Ebb&Flow (16F648A v4.41)\TimeValue.asm
                  TimeVar   0x000bc0    program     static C:\Users\Panagiotis\Documents\Coding\Embedded\Ebb & Flow Pic ASM\Ebb&Flow (16F648A v4.41)\DataTables.asm
                  UFSwVar   0x000bcc    program     static C:\Users\Panagiotis\Documents\Coding\Embedded\Ebb & Flow Pic ASM\Ebb&Flow (16F648A v4.41)\DataTables.asm
         UFloatswitch_OFF   0x000501    program     static C:\Users\Panagiotis\Documents\Coding\Embedded\Ebb & Flow Pic ASM\Ebb&Flow (16F648A v4.41)\WaterStatus.asm
                 UpAndEsc   0x000159    program     static C:\Users\Panagiotis\Documents\Coding\Embedded\Ebb & Flow Pic ASM\Ebb&Flow (16F648A v4.41)\Main.asm
             UpdateDS1307   0x00022e    program     static C:\Users\Panagiotis\Documents\Coding\Embedded\Ebb & Flow Pic ASM\Ebb&Flow (16F648A v4.41)\Main.asm
                   VarTBL   0x000585    program     static C:\Users\Panagiotis\Documents\Coding\Embedded\Ebb & Flow Pic ASM\Ebb&Flow (16F648A v4.41)\ReadTables.asm
               VarTBLLoop   0x00054e    program     static C:\Users\Panagiotis\Documents\Coding\Embedded\Ebb & Flow Pic ASM\Ebb&Flow (16F648A v4.41)\ReadTables.asm
                 VarTable   0x000af8    program     static C:\Users\Panagiotis\Documents\Coding\Embedded\Ebb & Flow Pic ASM\Ebb&Flow (16F648A v4.41)\DataTables.asm
              VarTbl_Loop   0x000579    program     static C:\Users\Panagiotis\Documents\Coding\Embedded\Ebb & Flow Pic ASM\Ebb&Flow (16F648A v4.41)\ReadTables.asm
              VarTbl_Read   0x000572    program     static C:\Users\Panagiotis\Documents\Coding\Embedded\Ebb & Flow Pic ASM\Ebb&Flow (16F648A v4.41)\ReadTables.asm
            VarTbl_Tmr10D   0x000bb4    program     static C:\Users\Panagiotis\Documents\Coding\Embedded\Ebb & Flow Pic ASM\Ebb&Flow (16F648A v4.41)\DataTables.asm
            VarTbl_Tmr10F   0x000bac    program     static C:\Users\Panagiotis\Documents\Coding\Embedded\Ebb & Flow Pic ASM\Ebb&Flow (16F648A v4.41)\DataTables.asm
            VarTbl_Tmr10S   0x000bbc    program     static C:\Users\Panagiotis\Documents\Coding\Embedded\Ebb & Flow Pic ASM\Ebb&Flow (16F648A v4.41)\DataTables.asm
             VarTbl_Tmr1D   0x000b00    program     static C:\Users\Panagiotis\Documents\Coding\Embedded\Ebb & Flow Pic ASM\Ebb&Flow (16F648A v4.41)\DataTables.asm
             VarTbl_Tmr1F   0x000af8    program     static C:\Users\Panagiotis\Documents\Coding\Embedded\Ebb & Flow Pic ASM\Ebb&Flow (16F648A v4.41)\DataTables.asm
             VarTbl_Tmr1S   0x000b08    program     static C:\Users\Panagiotis\Documents\Coding\Embedded\Ebb & Flow Pic ASM\Ebb&Flow (16F648A v4.41)\DataTables.asm
             VarTbl_Tmr2D   0x000b14    program     static C:\Users\Panagiotis\Documents\Coding\Embedded\Ebb & Flow Pic ASM\Ebb&Flow (16F648A v4.41)\DataTables.asm
             VarTbl_Tmr2F   0x000b0c    program     static C:\Users\Panagiotis\Documents\Coding\Embedded\Ebb & Flow Pic ASM\Ebb&Flow (16F648A v4.41)\DataTables.asm
             VarTbl_Tmr2S   0x000b1c    program     static C:\Users\Panagiotis\Documents\Coding\Embedded\Ebb & Flow Pic ASM\Ebb&Flow (16F648A v4.41)\DataTables.asm
             VarTbl_Tmr3D   0x000b28    program     static C:\Users\Panagiotis\Documents\Coding\Embedded\Ebb & Flow Pic ASM\Ebb&Flow (16F648A v4.41)\DataTables.asm
             VarTbl_Tmr3F   0x000b20    program     static C:\Users\Panagiotis\Documents\Coding\Embedded\Ebb & Flow Pic ASM\Ebb&Flow (16F648A v4.41)\DataTables.asm
             VarTbl_Tmr3S   0x000b30    program     static C:\Users\Panagiotis\Documents\Coding\Embedded\Ebb & Flow Pic ASM\Ebb&Flow (16F648A v4.41)\DataTables.asm
             VarTbl_Tmr4D   0x000b3c    program     static C:\Users\Panagiotis\Documents\Coding\Embedded\Ebb & Flow Pic ASM\Ebb&Flow (16F648A v4.41)\DataTables.asm
             VarTbl_Tmr4F   0x000b34    program     static C:\Users\Panagiotis\Documents\Coding\Embedded\Ebb & Flow Pic ASM\Ebb&Flow (16F648A v4.41)\DataTables.asm
             VarTbl_Tmr4S   0x000b44    program     static C:\Users\Panagiotis\Documents\Coding\Embedded\Ebb & Flow Pic ASM\Ebb&Flow (16F648A v4.41)\DataTables.asm
             VarTbl_Tmr5D   0x000b50    program     static C:\Users\Panagiotis\Documents\Coding\Embedded\Ebb & Flow Pic ASM\Ebb&Flow (16F648A v4.41)\DataTables.asm
             VarTbl_Tmr5F   0x000b48    program     static C:\Users\Panagiotis\Documents\Coding\Embedded\Ebb & Flow Pic ASM\Ebb&Flow (16F648A v4.41)\DataTables.asm
             VarTbl_Tmr5S   0x000b58    program     static C:\Users\Panagiotis\Documents\Coding\Embedded\Ebb & Flow Pic ASM\Ebb&Flow (16F648A v4.41)\DataTables.asm
             VarTbl_Tmr6D   0x000b64    program     static C:\Users\Panagiotis\Documents\Coding\Embedded\Ebb & Flow Pic ASM\Ebb&Flow (16F648A v4.41)\DataTables.asm
             VarTbl_Tmr6F   0x000b5c    program     static C:\Users\Panagiotis\Documents\Coding\Embedded\Ebb & Flow Pic ASM\Ebb&Flow (16F648A v4.41)\DataTables.asm
             VarTbl_Tmr6S   0x000b6c    program     static C:\Users\Panagiotis\Documents\Coding\Embedded\Ebb & Flow Pic ASM\Ebb&Flow (16F648A v4.41)\DataTables.asm
             VarTbl_Tmr7D   0x000b78    program     static C:\Users\Panagiotis\Documents\Coding\Embedded\Ebb & Flow Pic ASM\Ebb&Flow (16F648A v4.41)\DataTables.asm
             VarTbl_Tmr7F   0x000b70    program     static C:\Users\Panagiotis\Documents\Coding\Embedded\Ebb & Flow Pic ASM\Ebb&Flow (16F648A v4.41)\DataTables.asm
             VarTbl_Tmr7S   0x000b80    program     static C:\Users\Panagiotis\Documents\Coding\Embedded\Ebb & Flow Pic ASM\Ebb&Flow (16F648A v4.41)\DataTables.asm
             VarTbl_Tmr8D   0x000b8c    program     static C:\Users\Panagiotis\Documents\Coding\Embedded\Ebb & Flow Pic ASM\Ebb&Flow (16F648A v4.41)\DataTables.asm
             VarTbl_Tmr8F   0x000b84    program     static C:\Users\Panagiotis\Documents\Coding\Embedded\Ebb & Flow Pic ASM\Ebb&Flow (16F648A v4.41)\DataTables.asm
             VarTbl_Tmr8S   0x000b94    program     static C:\Users\Panagiotis\Documents\Coding\Embedded\Ebb & Flow Pic ASM\Ebb&Flow (16F648A v4.41)\DataTables.asm
             VarTbl_Tmr9D   0x000ba0    program     static C:\Users\Panagiotis\Documents\Coding\Embedded\Ebb & Flow Pic ASM\Ebb&Flow (16F648A v4.41)\DataTables.asm
             VarTbl_Tmr9F   0x000b98    program     static C:\Users\Panagiotis\Documents\Coding\Embedded\Ebb & Flow Pic ASM\Ebb&Flow (16F648A v4.41)\DataTables.asm
             VarTbl_Tmr9S   0x000ba8    program     static C:\Users\Panagiotis\Documents\Coding\Embedded\Ebb & Flow Pic ASM\Ebb&Flow (16F648A v4.41)\DataTables.asm
               WaitForACK   0x000762    program     static C:\Users\Panagiotis\Documents\Coding\Embedded\Ebb & Flow Pic ASM\Ebb&Flow (16F648A v4.41)\I2C.asm
        WriteDatatoEEPROM   0x00052f    program     extern C:\Users\Panagiotis\Documents\Coding\Embedded\Ebb & Flow Pic ASM\Ebb&Flow (16F648A v4.41)\EEPROM.asm
          WriteEEPROMLoop   0x000530    program     static C:\Users\Panagiotis\Documents\Coding\Embedded\Ebb & Flow Pic ASM\Ebb&Flow (16F648A v4.41)\EEPROM.asm
             Write_DS1307   0x000700    program     extern C:\Users\Panagiotis\Documents\Coding\Embedded\Ebb & Flow Pic ASM\Ebb&Flow (16F648A v4.41)\I2C.asm
                 XDelay_0   0x000017    program     static C:\Users\Panagiotis\Documents\Coding\Embedded\Ebb & Flow Pic ASM\Ebb&Flow (16F648A v4.41)\Main.asm
                     XXX1   0x00041c    program     static C:\Users\Panagiotis\Documents\Coding\Embedded\Ebb & Flow Pic ASM\Ebb&Flow (16F648A v4.41)\Alarms.asm
            YesNoDataType   0x0003b5    program     static C:\Users\Panagiotis\Documents\Coding\Embedded\Ebb & Flow Pic ASM\Ebb&Flow (16F648A v4.41)\RLCD.asm
        _INT_Handler_0006   0x00000a    program     static C:\Users\Panagiotis\Documents\Coding\Embedded\Ebb & Flow Pic ASM\Ebb&Flow (16F648A v4.41)\Main.asm
        _INT_Handler_0014   0x000018    program     static C:\Users\Panagiotis\Documents\Coding\Embedded\Ebb & Flow Pic ASM\Ebb&Flow (16F648A v4.41)\Main.asm
        _INT_Handler_0017   0x00001b    program     static C:\Users\Panagiotis\Documents\Coding\Embedded\Ebb & Flow Pic ASM\Ebb&Flow (16F648A v4.41)\Main.asm
        _INT_Handler_001C   0x000020    program     static C:\Users\Panagiotis\Documents\Coding\Embedded\Ebb & Flow Pic ASM\Ebb&Flow (16F648A v4.41)\Main.asm
              _PROG1_0007   0x00005d    program     static C:\Users\Panagiotis\Documents\Coding\Embedded\Ebb & Flow Pic ASM\Ebb&Flow (16F648A v4.41)\Hex2Dec.asm
              _PROG1_0009   0x0004d6    program     static C:\Users\Panagiotis\Documents\Coding\Embedded\Ebb & Flow Pic ASM\Ebb&Flow (16F648A v4.41)\WaterStatus.asm
              _PROG1_000E   0x00055a    program     static C:\Users\Panagiotis\Documents\Coding\Embedded\Ebb & Flow Pic ASM\Ebb&Flow (16F648A v4.41)\ReadTables.asm
              _PROG1_0011   0x00038c    program     static C:\Users\Panagiotis\Documents\Coding\Embedded\Ebb & Flow Pic ASM\Ebb&Flow (16F648A v4.41)\Delay.asm
              _PROG1_0014   0x00038f    program     static C:\Users\Panagiotis\Documents\Coding\Embedded\Ebb & Flow Pic ASM\Ebb&Flow (16F648A v4.41)\Delay.asm
              _PROG1_0016   0x000523    program     static C:\Users\Panagiotis\Documents\Coding\Embedded\Ebb & Flow Pic ASM\Ebb&Flow (16F648A v4.41)\EEPROM.asm
              _PROG1_001A   0x000088    program     static C:\Users\Panagiotis\Documents\Coding\Embedded\Ebb & Flow Pic ASM\Ebb&Flow (16F648A v4.41)\Main.asm
              _PROG1_001D   0x00052a    program     static C:\Users\Panagiotis\Documents\Coding\Embedded\Ebb & Flow Pic ASM\Ebb&Flow (16F648A v4.41)\EEPROM.asm
              _PROG1_0022   0x0004ef    program     static C:\Users\Panagiotis\Documents\Coding\Embedded\Ebb & Flow Pic ASM\Ebb&Flow (16F648A v4.41)\WaterStatus.asm
              _PROG1_002E   0x00057a    program     static C:\Users\Panagiotis\Documents\Coding\Embedded\Ebb & Flow Pic ASM\Ebb&Flow (16F648A v4.41)\ReadTables.asm
              _PROG1_003C   0x000549    program     static C:\Users\Panagiotis\Documents\Coding\Embedded\Ebb & Flow Pic ASM\Ebb&Flow (16F648A v4.41)\EEPROM.asm
              _PROG1_0046   0x000592    program     static C:\Users\Panagiotis\Documents\Coding\Embedded\Ebb & Flow Pic ASM\Ebb&Flow (16F648A v4.41)\ReadTables.asm
              _PROG1_005A   0x0005a6    program     static C:\Users\Panagiotis\Documents\Coding\Embedded\Ebb & Flow Pic ASM\Ebb&Flow (16F648A v4.41)\ReadTables.asm
              _PROG1_005B   0x000736    program     static C:\Users\Panagiotis\Documents\Coding\Embedded\Ebb & Flow Pic ASM\Ebb&Flow (16F648A v4.41)\I2C.asm
              _PROG1_005C   0x000737    program     static C:\Users\Panagiotis\Documents\Coding\Embedded\Ebb & Flow Pic ASM\Ebb&Flow (16F648A v4.41)\I2C.asm
              _PROG1_0061   0x0005ad    program     static C:\Users\Panagiotis\Documents\Coding\Embedded\Ebb & Flow Pic ASM\Ebb&Flow (16F648A v4.41)\ReadTables.asm
              _PROG1_0064   0x0000d2    program     static C:\Users\Panagiotis\Documents\Coding\Embedded\Ebb & Flow Pic ASM\Ebb&Flow (16F648A v4.41)\Main.asm
              _PROG1_0067   0x000742    program     static C:\Users\Panagiotis\Documents\Coding\Embedded\Ebb & Flow Pic ASM\Ebb&Flow (16F648A v4.41)\I2C.asm
              _PROG1_0068   0x000743    program     static C:\Users\Panagiotis\Documents\Coding\Embedded\Ebb & Flow Pic ASM\Ebb&Flow (16F648A v4.41)\I2C.asm
              _PROG1_006A   0x0000d8    program     static C:\Users\Panagiotis\Documents\Coding\Embedded\Ebb & Flow Pic ASM\Ebb&Flow (16F648A v4.41)\Main.asm
              _PROG1_0074   0x0000e2    program     static C:\Users\Panagiotis\Documents\Coding\Embedded\Ebb & Flow Pic ASM\Ebb&Flow (16F648A v4.41)\Main.asm
              _PROG1_0079   0x0000e7    program     static C:\Users\Panagiotis\Documents\Coding\Embedded\Ebb & Flow Pic ASM\Ebb&Flow (16F648A v4.41)\Main.asm
              _PROG1_007A   0x0000e8    program     static C:\Users\Panagiotis\Documents\Coding\Embedded\Ebb & Flow Pic ASM\Ebb&Flow (16F648A v4.41)\Main.asm
              _PROG1_0081   0x00075c    program     static C:\Users\Panagiotis\Documents\Coding\Embedded\Ebb & Flow Pic ASM\Ebb&Flow (16F648A v4.41)\I2C.asm
              _PROG1_0081   0x0000ef    program     static C:\Users\Panagiotis\Documents\Coding\Embedded\Ebb & Flow Pic ASM\Ebb&Flow (16F648A v4.41)\Main.asm
              _PROG1_0082   0x0000f0    program     static C:\Users\Panagiotis\Documents\Coding\Embedded\Ebb & Flow Pic ASM\Ebb&Flow (16F648A v4.41)\Main.asm
              _PROG1_0088   0x0005d4    program     static C:\Users\Panagiotis\Documents\Coding\Embedded\Ebb & Flow Pic ASM\Ebb&Flow (16F648A v4.41)\ReadTables.asm
              _PROG1_0089   0x0000f7    program     static C:\Users\Panagiotis\Documents\Coding\Embedded\Ebb & Flow Pic ASM\Ebb&Flow (16F648A v4.41)\Main.asm
              _PROG1_008A   0x0000f8    program     static C:\Users\Panagiotis\Documents\Coding\Embedded\Ebb & Flow Pic ASM\Ebb&Flow (16F648A v4.41)\Main.asm
              _PROG1_008F   0x0000fd    program     static C:\Users\Panagiotis\Documents\Coding\Embedded\Ebb & Flow Pic ASM\Ebb&Flow (16F648A v4.41)\Main.asm
              _PROG1_0090   0x0000fe    program     static C:\Users\Panagiotis\Documents\Coding\Embedded\Ebb & Flow Pic ASM\Ebb&Flow (16F648A v4.41)\Main.asm
              _PROG1_0095   0x000103    program     static C:\Users\Panagiotis\Documents\Coding\Embedded\Ebb & Flow Pic ASM\Ebb&Flow (16F648A v4.41)\Main.asm
              _PROG1_0096   0x000104    program     static C:\Users\Panagiotis\Documents\Coding\Embedded\Ebb & Flow Pic ASM\Ebb&Flow (16F648A v4.41)\Main.asm
              _PROG1_009B   0x000109    program     static C:\Users\Panagiotis\Documents\Coding\Embedded\Ebb & Flow Pic ASM\Ebb&Flow (16F648A v4.41)\Main.asm
              _PROG1_009C   0x00010a    program     static C:\Users\Panagiotis\Documents\Coding\Embedded\Ebb & Flow Pic ASM\Ebb&Flow (16F648A v4.41)\Main.asm
              _PROG1_00A1   0x00010f    program     static C:\Users\Panagiotis\Documents\Coding\Embedded\Ebb & Flow Pic ASM\Ebb&Flow (16F648A v4.41)\Main.asm
              _PROG1_00A2   0x000110    program     static C:\Users\Panagiotis\Documents\Coding\Embedded\Ebb & Flow Pic ASM\Ebb&Flow (16F648A v4.41)\Main.asm
              _PROG1_00B1   0x00078c    program     static C:\Users\Panagiotis\Documents\Coding\Embedded\Ebb & Flow Pic ASM\Ebb&Flow (16F648A v4.41)\I2C.asm
              _PROG1_00B2   0x00078d    program     static C:\Users\Panagiotis\Documents\Coding\Embedded\Ebb & Flow Pic ASM\Ebb&Flow (16F648A v4.41)\I2C.asm
              _PROG1_00B9   0x000794    program     static C:\Users\Panagiotis\Documents\Coding\Embedded\Ebb & Flow Pic ASM\Ebb&Flow (16F648A v4.41)\I2C.asm
              _PROG1_00BA   0x000795    program     static C:\Users\Panagiotis\Documents\Coding\Embedded\Ebb & Flow Pic ASM\Ebb&Flow (16F648A v4.41)\I2C.asm
              _PROG1_00E1   0x0006c1    program     static C:\Users\Panagiotis\Documents\Coding\Embedded\Ebb & Flow Pic ASM\Ebb&Flow (16F648A v4.41)\TimeValue.asm
              _PROG1_01DA   0x000248    program     static C:\Users\Panagiotis\Documents\Coding\Embedded\Ebb & Flow Pic ASM\Ebb&Flow (16F648A v4.41)\Main.asm
              _PROG1_01F6   0x000264    program     static C:\Users\Panagiotis\Documents\Coding\Embedded\Ebb & Flow Pic ASM\Ebb&Flow (16F648A v4.41)\Main.asm
              _PROG1_0217   0x000285    program     static C:\Users\Panagiotis\Documents\Coding\Embedded\Ebb & Flow Pic ASM\Ebb&Flow (16F648A v4.41)\Main.asm
              _PROG1_024E   0x0002bc    program     static C:\Users\Panagiotis\Documents\Coding\Embedded\Ebb & Flow Pic ASM\Ebb&Flow (16F648A v4.41)\Main.asm
              _PROG1_0299   0x000307    program     static C:\Users\Panagiotis\Documents\Coding\Embedded\Ebb & Flow Pic ASM\Ebb&Flow (16F648A v4.41)\Main.asm
              _PROG1_029A   0x000308    program     static C:\Users\Panagiotis\Documents\Coding\Embedded\Ebb & Flow Pic ASM\Ebb&Flow (16F648A v4.41)\Main.asm
              _PROG1_02A7   0x000315    program     static C:\Users\Panagiotis\Documents\Coding\Embedded\Ebb & Flow Pic ASM\Ebb&Flow (16F648A v4.41)\Main.asm
              _PROG1_02E4   0x000352    program     static C:\Users\Panagiotis\Documents\Coding\Embedded\Ebb & Flow Pic ASM\Ebb&Flow (16F648A v4.41)\Main.asm
              _PROG1_02F7   0x000365    program     static C:\Users\Panagiotis\Documents\Coding\Embedded\Ebb & Flow Pic ASM\Ebb&Flow (16F648A v4.41)\Main.asm
              _PROG1_0302   0x000370    program     static C:\Users\Panagiotis\Documents\Coding\Embedded\Ebb & Flow Pic ASM\Ebb&Flow (16F648A v4.41)\Main.asm
              _PROG1_0307   0x000375    program     static C:\Users\Panagiotis\Documents\Coding\Embedded\Ebb & Flow Pic ASM\Ebb&Flow (16F648A v4.41)\Main.asm
              _PROG2_0007   0x000df7    program     static C:\Users\Panagiotis\Documents\Coding\Embedded\Ebb & Flow Pic ASM\Ebb&Flow (16F648A v4.41)\CustomLCDChars.asm
              _PROG2_000C   0x000dfc    program     static C:\Users\Panagiotis\Documents\Coding\Embedded\Ebb & Flow Pic ASM\Ebb&Flow (16F648A v4.41)\CustomLCDChars.asm
                     main   0x00006e    program     static C:\Users\Panagiotis\Documents\Coding\Embedded\Ebb & Flow Pic ASM\Ebb&Flow (16F648A v4.41)\Main.asm
                      BCD   0x000022       data     extern C:\Users\Panagiotis\Documents\Coding\Embedded\Ebb & Flow Pic ASM\Ebb&Flow (16F648A v4.41)\Hex2Dec.asm
               BankStatus   0x00007e       data     static C:\Users\Panagiotis\Documents\Coding\Embedded\Ebb & Flow Pic ASM\Ebb&Flow (16F648A v4.41)\EEPROM.asm
                    Blink   0x000058       data     extern C:\Users\Panagiotis\Documents\Coding\Embedded\Ebb & Flow Pic ASM\Ebb&Flow (16F648A v4.41)\Main.asm
                 BlinkCnt   0x000059       data     static C:\Users\Panagiotis\Documents\Coding\Embedded\Ebb & Flow Pic ASM\Ebb&Flow (16F648A v4.41)\Main.asm
                     CT_H   0x0000d0       data     static C:\Users\Panagiotis\Documents\Coding\Embedded\Ebb & Flow Pic ASM\Ebb&Flow (16F648A v4.41)\TimeValue.asm
                     CT_M   0x0000d1       data     static C:\Users\Panagiotis\Documents\Coding\Embedded\Ebb & Flow Pic ASM\Ebb&Flow (16F648A v4.41)\TimeValue.asm
               ChangeFlag   0x00004d       data     static C:\Users\Panagiotis\Documents\Coding\Embedded\Ebb & Flow Pic ASM\Ebb&Flow (16F648A v4.41)\Main.asm
                      Cnt   0x00007f       data     static C:\Users\Panagiotis\Documents\Coding\Embedded\Ebb & Flow Pic ASM\Ebb&Flow (16F648A v4.41)\TimeValue.asm
                   Column   0x000038       data     extern C:\Users\Panagiotis\Documents\Coding\Embedded\Ebb & Flow Pic ASM\Ebb&Flow (16F648A v4.41)\Main.asm
                  Counter   0x000072       data     static C:\Users\Panagiotis\Documents\Coding\Embedded\Ebb & Flow Pic ASM\Ebb&Flow (16F648A v4.41)\I2C.asm
                  Counter   0x000061       data     static C:\Users\Panagiotis\Documents\Coding\Embedded\Ebb & Flow Pic ASM\Ebb&Flow (16F648A v4.41)\Alarms.asm
                  Counter   0x000075       data     static C:\Users\Panagiotis\Documents\Coding\Embedded\Ebb & Flow Pic ASM\Ebb&Flow (16F648A v4.41)\ReadTables.asm
                  Counter   0x00006c       data     static C:\Users\Panagiotis\Documents\Coding\Embedded\Ebb & Flow Pic ASM\Ebb&Flow (16F648A v4.41)\TimeValue.asm
                  Counter   0x000046       data     static C:\Users\Panagiotis\Documents\Coding\Embedded\Ebb & Flow Pic ASM\Ebb&Flow (16F648A v4.41)\Main.asm
                CursorPos   0x0000c8       data     extern C:\Users\Panagiotis\Documents\Coding\Embedded\Ebb & Flow Pic ASM\Ebb&Flow (16F648A v4.41)\Main.asm
           EEPROM_Address   0x0000a0       data     extern C:\Users\Panagiotis\Documents\Coding\Embedded\Ebb & Flow Pic ASM\Ebb&Flow (16F648A v4.41)\Main.asm
              EEPROM_Data   0x0000a8       data     extern C:\Users\Panagiotis\Documents\Coding\Embedded\Ebb & Flow Pic ASM\Ebb&Flow (16F648A v4.41)\Main.asm
          EEPROM_DataType   0x0000b0       data     extern C:\Users\Panagiotis\Documents\Coding\Embedded\Ebb & Flow Pic ASM\Ebb&Flow (16F648A v4.41)\Main.asm
               EEPROM_Max   0x0000c0       data     extern C:\Users\Panagiotis\Documents\Coding\Embedded\Ebb & Flow Pic ASM\Ebb&Flow (16F648A v4.41)\Main.asm
               EEPROM_Min   0x0000b8       data     extern C:\Users\Panagiotis\Documents\Coding\Embedded\Ebb & Flow Pic ASM\Ebb&Flow (16F648A v4.41)\Main.asm
                 ESC_Hold   0x00005b       data     static C:\Users\Panagiotis\Documents\Coding\Embedded\Ebb & Flow Pic ASM\Ebb&Flow (16F648A v4.41)\Main.asm
              ExtMenuItem   0x00003a       data     extern C:\Users\Panagiotis\Documents\Coding\Embedded\Ebb & Flow Pic ASM\Ebb&Flow (16F648A v4.41)\Main.asm
       ExtMenuItem_Offset   0x00007a       data     extern C:\Users\Panagiotis\Documents\Coding\Embedded\Ebb & Flow Pic ASM\Ebb&Flow (16F648A v4.41)\Main.asm
      ExtMenuItem_Segment   0x00007b       data     extern C:\Users\Panagiotis\Documents\Coding\Embedded\Ebb & Flow Pic ASM\Ebb&Flow (16F648A v4.41)\Main.asm
                     Flag   0x000054       data     static C:\Users\Panagiotis\Documents\Coding\Embedded\Ebb & Flow Pic ASM\Ebb&Flow (16F648A v4.41)\Main.asm
                     HOUR   0x00006f       data     extern C:\Users\Panagiotis\Documents\Coding\Embedded\Ebb & Flow Pic ASM\Ebb&Flow (16F648A v4.41)\I2C.asm
                 H_DDelay   0x0000d9       data     static C:\Users\Panagiotis\Documents\Coding\Embedded\Ebb & Flow Pic ASM\Ebb&Flow (16F648A v4.41)\TimeValue.asm
                 I2C_Data   0x00006e       data     static C:\Users\Panagiotis\Documents\Coding\Embedded\Ebb & Flow Pic ASM\Ebb&Flow (16F648A v4.41)\I2C.asm
                 I2Cflags   0x000073       data     static C:\Users\Panagiotis\Documents\Coding\Embedded\Ebb & Flow Pic ASM\Ebb&Flow (16F648A v4.41)\I2C.asm
                  INTFlag   0x00004f       data     static C:\Users\Panagiotis\Documents\Coding\Embedded\Ebb & Flow Pic ASM\Ebb&Flow (16F648A v4.41)\Main.asm
               KeyPressed   0x000047       data     static C:\Users\Panagiotis\Documents\Coding\Embedded\Ebb & Flow Pic ASM\Ebb&Flow (16F648A v4.41)\Main.asm
                  LCD_tmp   0x000048       data     static C:\Users\Panagiotis\Documents\Coding\Embedded\Ebb & Flow Pic ASM\Ebb&Flow (16F648A v4.41)\Main.asm
                LFSwDelay   0x000057       data     extern C:\Users\Panagiotis\Documents\Coding\Embedded\Ebb & Flow Pic ASM\Ebb&Flow (16F648A v4.41)\Main.asm
                     Line   0x000025       data     static C:\Users\Panagiotis\Documents\Coding\Embedded\Ebb & Flow Pic ASM\Ebb&Flow (16F648A v4.41)\Main.asm
                      MIN   0x000070       data     extern C:\Users\Panagiotis\Documents\Coding\Embedded\Ebb & Flow Pic ASM\Ebb&Flow (16F648A v4.41)\I2C.asm
                 M_DDelay   0x0000da       data     static C:\Users\Panagiotis\Documents\Coding\Embedded\Ebb & Flow Pic ASM\Ebb&Flow (16F648A v4.41)\TimeValue.asm
                 M_FDelay   0x0000d8       data     static C:\Users\Panagiotis\Documents\Coding\Embedded\Ebb & Flow Pic ASM\Ebb&Flow (16F648A v4.41)\TimeValue.asm
                     Menu   0x00002f       data     static C:\Users\Panagiotis\Documents\Coding\Embedded\Ebb & Flow Pic ASM\Ebb&Flow (16F648A v4.41)\Main.asm
                MenuDepth   0x000039       data     static C:\Users\Panagiotis\Documents\Coding\Embedded\Ebb & Flow Pic ASM\Ebb&Flow (16F648A v4.41)\Main.asm
                 MenuItem   0x000030       data     extern C:\Users\Panagiotis\Documents\Coding\Embedded\Ebb & Flow Pic ASM\Ebb&Flow (16F648A v4.41)\Main.asm
                 Menu_tmp   0x000077       data     static C:\Users\Panagiotis\Documents\Coding\Embedded\Ebb & Flow Pic ASM\Ebb&Flow (16F648A v4.41)\ReadTables.asm
                  OldLine   0x000026       data     static C:\Users\Panagiotis\Documents\Coding\Embedded\Ebb & Flow Pic ASM\Ebb&Flow (16F648A v4.41)\Main.asm
                  OldMenu   0x00002a       data     static C:\Users\Panagiotis\Documents\Coding\Embedded\Ebb & Flow Pic ASM\Ebb&Flow (16F648A v4.41)\Main.asm
          OldStateMachine   0x00002e       data     static C:\Users\Panagiotis\Documents\Coding\Embedded\Ebb & Flow Pic ASM\Ebb&Flow (16F648A v4.41)\Main.asm
           OldWaterStatus   0x000051       data     extern C:\Users\Panagiotis\Documents\Coding\Embedded\Ebb & Flow Pic ASM\Ebb&Flow (16F648A v4.41)\Main.asm
                     Ones   0x000021       data     extern C:\Users\Panagiotis\Documents\Coding\Embedded\Ebb & Flow Pic ASM\Ebb&Flow (16F648A v4.41)\Hex2Dec.asm
               OutputByte   0x000074       data     static C:\Users\Panagiotis\Documents\Coding\Embedded\Ebb & Flow Pic ASM\Ebb&Flow (16F648A v4.41)\I2C.asm
               PCLATH_OLD   0x00004e       data     static C:\Users\Panagiotis\Documents\Coding\Embedded\Ebb & Flow Pic ASM\Ebb&Flow (16F648A v4.41)\Main.asm
           RelativeColumn   0x000044       data     extern C:\Users\Panagiotis\Documents\Coding\Embedded\Ebb & Flow Pic ASM\Ebb&Flow (16F648A v4.41)\Main.asm
                    SData   0x000063       data     static C:\Users\Panagiotis\Documents\Coding\Embedded\Ebb & Flow Pic ASM\Ebb&Flow (16F648A v4.41)\SerialLCD.asm
                      SEC   0x000071       data     extern C:\Users\Panagiotis\Documents\Coding\Embedded\Ebb & Flow Pic ASM\Ebb&Flow (16F648A v4.41)\I2C.asm
                  START_H   0x0000d2       data     static C:\Users\Panagiotis\Documents\Coding\Embedded\Ebb & Flow Pic ASM\Ebb&Flow (16F648A v4.41)\TimeValue.asm
                  START_M   0x0000d3       data     static C:\Users\Panagiotis\Documents\Coding\Embedded\Ebb & Flow Pic ASM\Ebb&Flow (16F648A v4.41)\TimeValue.asm
              STATUS_TEMP   0x00007d       data     static C:\Users\Panagiotis\Documents\Coding\Embedded\Ebb & Flow Pic ASM\Ebb&Flow (16F648A v4.41)\Main.asm
                   STOP_H   0x0000d4       data     static C:\Users\Panagiotis\Documents\Coding\Embedded\Ebb & Flow Pic ASM\Ebb&Flow (16F648A v4.41)\TimeValue.asm
                   STOP_M   0x0000d5       data     static C:\Users\Panagiotis\Documents\Coding\Embedded\Ebb & Flow Pic ASM\Ebb&Flow (16F648A v4.41)\TimeValue.asm
             StateMachine   0x000045       data     static C:\Users\Panagiotis\Documents\Coding\Embedded\Ebb & Flow Pic ASM\Ebb&Flow (16F648A v4.41)\Main.asm
                TMR1Delay   0x000055       data     extern C:\Users\Panagiotis\Documents\Coding\Embedded\Ebb & Flow Pic ASM\Ebb&Flow (16F648A v4.41)\Main.asm
                     Tens   0x000020       data     extern C:\Users\Panagiotis\Documents\Coding\Embedded\Ebb & Flow Pic ASM\Ebb&Flow (16F648A v4.41)\Hex2Dec.asm
[...]
                  MinText   0x000d97    program     static C:\Users\Panagiotis\Documents\Coding\Embedded\Ebb & Flow Pic ASM\Ebb&Flow (16F648A v4.41)\DataTables.asm
                ClockText   0x000da3    program     static C:\Users\Panagiotis\Documents\Coding\Embedded\Ebb & Flow Pic ASM\Ebb&Flow (16F648A v4.41)\DataTables.asm
               StatusText   0x000db0    program     static C:\Users\Panagiotis\Documents\Coding\Embedded\Ebb & Flow Pic ASM\Ebb&Flow (16F648A v4.41)\DataTables.asm
             FloodingText   0x000db8    program     static C:\Users\Panagiotis\Documents\Coding\Embedded\Ebb & Flow Pic ASM\Ebb&Flow (16F648A v4.41)\DataTables.asm
             DrainingText   0x000dc6    program     static C:\Users\Panagiotis\Documents\Coding\Embedded\Ebb & Flow Pic ASM\Ebb&Flow (16F648A v4.41)\DataTables.asm
               IdlingText   0x000dd4    program     static C:\Users\Panagiotis\Documents\Coding\Embedded\Ebb & Flow Pic ASM\Ebb&Flow (16F648A v4.41)\DataTables.asm
                BlancLine   0x000de0    program     static C:\Users\Panagiotis\Documents\Coding\Embedded\Ebb & Flow Pic ASM\Ebb&Flow (16F648A v4.41)\DataTables.asm
                     MYes   0x000de2    program     static C:\Users\Panagiotis\Documents\Coding\Embedded\Ebb & Flow Pic ASM\Ebb&Flow (16F648A v4.41)\DataTables.asm
                      MNo   0x000de6    program     static C:\Users\Panagiotis\Documents\Coding\Embedded\Ebb & Flow Pic ASM\Ebb&Flow (16F648A v4.41)\DataTables.asm
                      MOn   0x000de9    program     static C:\Users\Panagiotis\Documents\Coding\Embedded\Ebb & Flow Pic ASM\Ebb&Flow (16F648A v4.41)\DataTables.asm
                     MOff   0x000dec    program     static C:\Users\Panagiotis\Documents\Coding\Embedded\Ebb & Flow Pic ASM\Ebb&Flow (16F648A v4.41)\DataTables.asm
         BuildCustomChars   0x000df0    program     extern C:\Users\Panagiotis\Documents\Coding\Embedded\Ebb & Flow Pic ASM\Ebb&Flow (16F648A v4.41)\CustomLCDChars.asm
                     Loop   0x000df4    program     static C:\Users\Panagiotis\Documents\Coding\Embedded\Ebb & Flow Pic ASM\Ebb&Flow (16F648A v4.41)\CustomLCDChars.asm
              _PROG2_0007   0x000df7    program     static C:\Users\Panagiotis\Documents\Coding\Embedded\Ebb & Flow Pic ASM\Ebb&Flow (16F648A v4.41)\CustomLCDChars.asm
              _PROG2_000C   0x000dfc    program     static C:\Users\Panagiotis\Documents\Coding\Embedded\Ebb & Flow Pic ASM\Ebb&Flow (16F648A v4.41)\CustomLCDChars.asm
              ReadChrData   0x000e03    program     static C:\Users\Panagiotis\Documents\Coding\Embedded\Ebb & Flow Pic ASM\Ebb&Flow (16F648A v4.41)\CustomLCDChars.asm
                   ChrTbl   0x000e0a    program     static C:\Users\Panagiotis\Documents\Coding\Embedded\Ebb & Flow Pic ASM\Ebb&Flow (16F648A v4.41)\CustomLCDChars.asm
                      Ch1   0x000e0a    program     static C:\Users\Panagiotis\Documents\Coding\Embedded\Ebb & Flow Pic ASM\Ebb&Flow (16F648A v4.41)\CustomLCDChars.asm
                      Ch2   0x000e12    program     static C:\Users\Panagiotis\Documents\Coding\Embedded\Ebb & Flow Pic ASM\Ebb&Flow (16F648A v4.41)\CustomLCDChars.asm
                      Ch3   0x000e1a    program     static C:\Users\Panagiotis\Documents\Coding\Embedded\Ebb & Flow Pic ASM\Ebb&Flow (16F648A v4.41)\CustomLCDChars.asm
                      Ch4   0x000e22    program     static C:\Users\Panagiotis\Documents\Coding\Embedded\Ebb & Flow Pic ASM\Ebb&Flow (16F648A v4.41)\CustomLCDChars.asm
                      Ch5   0x000e2a    program     static C:\Users\Panagiotis\Documents\Coding\Embedded\Ebb & Flow Pic ASM\Ebb&Flow (16F648A v4.41)\CustomLCDChars.asm
                     Tens   0x000020       data     extern C:\Users\Panagiotis\Documents\Coding\Embedded\Ebb & Flow Pic ASM\Ebb&Flow (16F648A v4.41)\Hex2Dec.asm
                     Ones   0x000021       data     extern C:\Users\Panagiotis\Documents\Coding\Embedded\Ebb & Flow Pic ASM\Ebb&Flow (16F648A v4.41)\Hex2Dec.asm
                      BCD   0x000022       data     extern C:\Users\Panagiotis\Documents\Coding\Embedded\Ebb & Flow Pic ASM\Ebb&Flow (16F648A v4.41)\Hex2Dec.asm
                      tmp   0x000023       data     static C:\Users\Panagiotis\Documents\Coding\Embedded\Ebb & Flow Pic ASM\Ebb&Flow (16F648A v4.41)\Main.asm
                     tmp2   0x000024       data     static C:\Users\Panagiotis\Documents\Coding\Embedded\Ebb & Flow Pic ASM\Ebb&Flow (16F648A v4.41)\Main.asm
                     Line   0x000025       data     static C:\Users\Panagiotis\Documents\Coding\Embedded\Ebb & Flow Pic ASM\Ebb&Flow (16F648A v4.41)\Main.asm
                  OldLine   0x000026       data     static C:\Users\Panagiotis\Documents\Coding\Embedded\Ebb & Flow Pic ASM\Ebb&Flow (16F648A v4.41)\Main.asm
                  OldMenu   0x00002a       data     static C:\Users\Panagiotis\Documents\Coding\Embedded\Ebb & Flow Pic ASM\Ebb&Flow (16F648A v4.41)\Main.asm
          OldStateMachine   0x00002e       data     static C:\Users\Panagiotis\Documents\Coding\Embedded\Ebb & Flow Pic ASM\Ebb&Flow (16F648A v4.41)\Main.asm
                     Menu   0x00002f       data     static C:\Users\Panagiotis\Documents\Coding\Embedded\Ebb & Flow Pic ASM\Ebb&Flow (16F648A v4.41)\Main.asm
                 MenuItem   0x000030       data     extern C:\Users\Panagiotis\Documents\Coding\Embedded\Ebb & Flow Pic ASM\Ebb&Flow (16F648A v4.41)\Main.asm
                   Column   0x000038       data     extern C:\Users\Panagiotis\Documents\Coding\Embedded\Ebb & Flow Pic ASM\Ebb&Flow (16F648A v4.41)\Main.asm
                MenuDepth   0x000039       data     static C:\Users\Panagiotis\Documents\Coding\Embedded\Ebb & Flow Pic ASM\Ebb&Flow (16F648A v4.41)\Main.asm
              ExtMenuItem   0x00003a       data     extern C:\Users\Panagiotis\Documents\Coding\Embedded\Ebb & Flow Pic ASM\Ebb&Flow (16F648A v4.41)\Main.asm
           RelativeColumn   0x000044       data     extern C:\Users\Panagiotis\Documents\Coding\Embedded\Ebb & Flow Pic ASM\Ebb&Flow (16F648A v4.41)\Main.asm
             StateMachine   0x000045       data     static C:\Users\Panagiotis\Documents\Coding\Embedded\Ebb & Flow Pic ASM\Ebb&Flow (16F648A v4.41)\Main.asm
                  Counter   0x000046       data     static C:\Users\Panagiotis\Documents\Coding\Embedded\Ebb & Flow Pic ASM\Ebb&Flow (16F648A v4.41)\Main.asm
               KeyPressed   0x000047       data     static C:\Users\Panagiotis\Documents\Coding\Embedded\Ebb & Flow Pic ASM\Ebb&Flow (16F648A v4.41)\Main.asm
                  LCD_tmp   0x000048       data     static C:\Users\Panagiotis\Documents\Coding\Embedded\Ebb & Flow Pic ASM\Ebb&Flow (16F648A v4.41)\Main.asm
            VarTbl_PCLATH   0x000049       data     extern C:\Users\Panagiotis\Documents\Coding\Embedded\Ebb & Flow Pic ASM\Ebb&Flow (16F648A v4.41)\Main.asm
               VarTbl_PCL   0x00004a       data     extern C:\Users\Panagiotis\Documents\Coding\Embedded\Ebb & Flow Pic ASM\Ebb&Flow (16F648A v4.41)\Main.asm
              TextSegment   0x00004b       data     static C:\Users\Panagiotis\Documents\Coding\Embedded\Ebb & Flow Pic ASM\Ebb&Flow (16F648A v4.41)\Main.asm
               TextOffset   0x00004c       data     static C:\Users\Panagiotis\Documents\Coding\Embedded\Ebb & Flow Pic ASM\Ebb&Flow (16F648A v4.41)\Main.asm
               ChangeFlag   0x00004d       data     static C:\Users\Panagiotis\Documents\Coding\Embedded\Ebb & Flow Pic ASM\Ebb&Flow (16F648A v4.41)\Main.asm
               PCLATH_OLD   0x00004e       data     static C:\Users\Panagiotis\Documents\Coding\Embedded\Ebb & Flow Pic ASM\Ebb&Flow (16F648A v4.41)\Main.asm
                  INTFlag   0x00004f       data     static C:\Users\Panagiotis\Documents\Coding\Embedded\Ebb & Flow Pic ASM\Ebb&Flow (16F648A v4.41)\Main.asm
              WaterStatus   0x000050       data     extern C:\Users\Panagiotis\Documents\Coding\Embedded\Ebb & Flow Pic ASM\Ebb&Flow (16F648A v4.41)\Main.asm
           OldWaterStatus   0x000051       data     extern C:\Users\Panagiotis\Documents\Coding\Embedded\Ebb & Flow Pic ASM\Ebb&Flow (16F648A v4.41)\Main.asm
                      dx0   0x000052       data     static C:\Users\Panagiotis\Documents\Coding\Embedded\Ebb & Flow Pic ASM\Ebb&Flow (16F648A v4.41)\Main.asm
                      dx1   0x000053       data     static C:\Users\Panagiotis\Documents\Coding\Embedded\Ebb & Flow Pic ASM\Ebb&Flow (16F648A v4.41)\Main.asm
                     Flag   0x000054       data     static C:\Users\Panagiotis\Documents\Coding\Embedded\Ebb & Flow Pic ASM\Ebb&Flow (16F648A v4.41)\Main.asm
                TMR1Delay   0x000055       data     extern C:\Users\Panagiotis\Documents\Coding\Embedded\Ebb & Flow Pic ASM\Ebb&Flow (16F648A v4.41)\Main.asm
                UFSwDelay   0x000056       data     extern C:\Users\Panagiotis\Documents\Coding\Embedded\Ebb & Flow Pic ASM\Ebb&Flow (16F648A v4.41)\Main.asm
                LFSwDelay   0x000057       data     extern C:\Users\Panagiotis\Documents\Coding\Embedded\Ebb & Flow Pic ASM\Ebb&Flow (16F648A v4.41)\Main.asm
                    Blink   0x000058       data     extern C:\Users\Panagiotis\Documents\Coding\Embedded\Ebb & Flow Pic ASM\Ebb&Flow (16F648A v4.41)\Main.asm
                 BlinkCnt   0x000059       data     static C:\Users\Panagiotis\Documents\Coding\Embedded\Ebb & Flow Pic ASM\Ebb&Flow (16F648A v4.41)\Main.asm
                 tmpDelay   0x00005a       data     static C:\Users\Panagiotis\Documents\Coding\Embedded\Ebb & Flow Pic ASM\Ebb&Flow (16F648A v4.41)\Main.asm
                 ESC_Hold   0x00005b       data     static C:\Users\Panagiotis\Documents\Coding\Embedded\Ebb & Flow Pic ASM\Ebb&Flow (16F648A v4.41)\Main.asm
                        i   0x00005c       data     static C:\Users\Panagiotis\Documents\Coding\Embedded\Ebb & Flow Pic ASM\Ebb&Flow (16F648A v4.41)\CustomLCDChars.asm
                      tmp   0x00005d       data     static C:\Users\Panagiotis\Documents\Coding\Embedded\Ebb & Flow Pic ASM\Ebb&Flow (16F648A v4.41)\CustomLCDChars.asm
                        c   0x00005e       data     static C:\Users\Panagiotis\Documents\Coding\Embedded\Ebb & Flow Pic ASM\Ebb&Flow (16F648A v4.41)\RLCD.asm
                        i   0x00005f       data     static C:\Users\Panagiotis\Documents\Coding\Embedded\Ebb & Flow Pic ASM\Ebb&Flow (16F648A v4.41)\RLCD.asm
                      tmp   0x000060       data     static C:\Users\Panagiotis\Documents\Coding\Embedded\Ebb & Flow Pic ASM\Ebb&Flow (16F648A v4.41)\RLCD.asm
                  Counter   0x000061       data     static C:\Users\Panagiotis\Documents\Coding\Embedded\Ebb & Flow Pic ASM\Ebb&Flow (16F648A v4.41)\Alarms.asm
                   TmpVar   0x000062       data     static C:\Users\Panagiotis\Documents\Coding\Embedded\Ebb & Flow Pic ASM\Ebb&Flow (16F648A v4.41)\Alarms.asm
                    SData   0x000063       data     static C:\Users\Panagiotis\Documents\Coding\Embedded\Ebb & Flow Pic ASM\Ebb&Flow (16F648A v4.41)\SerialLCD.asm
               VarTbl_Cnt   0x000064       data     static C:\Users\Panagiotis\Documents\Coding\Embedded\Ebb & Flow Pic ASM\Ebb&Flow (16F648A v4.41)\ReadTables.asm
              VarTbl_Data   0x000065       data     static C:\Users\Panagiotis\Documents\Coding\Embedded\Ebb & Flow Pic ASM\Ebb&Flow (16F648A v4.41)\ReadTables.asm
                     Var1   0x000069       data     static C:\Users\Panagiotis\Documents\Coding\Embedded\Ebb & Flow Pic ASM\Ebb&Flow (16F648A v4.41)\TimeValue.asm
                     Var2   0x00006a       data     static C:\Users\Panagiotis\Documents\Coding\Embedded\Ebb & Flow Pic ASM\Ebb&Flow (16F648A v4.41)\TimeValue.asm
                     Var3   0x00006b       data     static C:\Users\Panagiotis\Documents\Coding\Embedded\Ebb & Flow Pic ASM\Ebb&Flow (16F648A v4.41)\TimeValue.asm
                  Counter   0x00006c       data     static C:\Users\Panagiotis\Documents\Coding\Embedded\Ebb & Flow Pic ASM\Ebb&Flow (16F648A v4.41)\TimeValue.asm
                   TmpVar   0x00006d       data     static C:\Users\Panagiotis\Documents\Coding\Embedded\Ebb & Flow Pic ASM\Ebb&Flow (16F648A v4.41)\TimeValue.asm
                 I2C_Data   0x00006e       data     static C:\Users\Panagiotis\Documents\Coding\Embedded\Ebb & Flow Pic ASM\Ebb&Flow (16F648A v4.41)\I2C.asm
                     HOUR   0x00006f       data     extern C:\Users\Panagiotis\Documents\Coding\Embedded\Ebb & Flow Pic ASM\Ebb&Flow (16F648A v4.41)\I2C.asm
                      MIN   0x000070       data     extern C:\Users\Panagiotis\Documents\Coding\Embedded\Ebb & Flow Pic ASM\Ebb&Flow (16F648A v4.41)\I2C.asm
                      SEC   0x000071       data     extern C:\Users\Panagiotis\Documents\Coding\Embedded\Ebb & Flow Pic ASM\Ebb&Flow (16F648A v4.41)\I2C.asm
                  Counter   0x000072       data     static C:\Users\Panagiotis\Documents\Coding\Embedded\Ebb & Flow Pic ASM\Ebb&Flow (16F648A v4.41)\I2C.asm
                 I2Cflags   0x000073       data     static C:\Users\Panagiotis\Documents\Coding\Embedded\Ebb & Flow Pic ASM\Ebb&Flow (16F648A v4.41)\I2C.asm
               OutputByte   0x000074       data     static C:\Users\Panagiotis\Documents\Coding\Embedded\Ebb & Flow Pic ASM\Ebb&Flow (16F648A v4.41)\I2C.asm
                     Var1   0x000075       data     static C:\Users\Panagiotis\Documents\Coding\Embedded\Ebb & Flow Pic ASM\Ebb&Flow (16F648A v4.41)\Bcd2Hex.asm
                     Var1   0x000075       data     static C:\Users\Panagiotis\Documents\Coding\Embedded\Ebb & Flow Pic ASM\Ebb&Flow (16F648A v4.41)\Hex2Dec.asm
                  Counter   0x000075       data     static C:\Users\Panagiotis\Documents\Coding\Embedded\Ebb & Flow Pic ASM\Ebb&Flow (16F648A v4.41)\ReadTables.asm
                        i   0x000075       data     static C:\Users\Panagiotis\Documents\Coding\Embedded\Ebb & Flow Pic ASM\Ebb&Flow (16F648A v4.41)\Alarms.asm
                        i   0x000075       data     static C:\Users\Panagiotis\Documents\Coding\Embedded\Ebb & Flow Pic ASM\Ebb&Flow (16F648A v4.41)\Main.asm
                       d1   0x000075       data     static C:\Users\Panagiotis\Documents\Coding\Embedded\Ebb & Flow Pic ASM\Ebb&Flow (16F648A v4.41)\Delay.asm
                      tmp   0x000075       data     static C:\Users\Panagiotis\Documents\Coding\Embedded\Ebb & Flow Pic ASM\Ebb&Flow (16F648A v4.41)\EEPROM.asm
                        c   0x000076       data     static C:\Users\Panagiotis\Documents\Coding\Embedded\Ebb & Flow Pic ASM\Ebb&Flow (16F648A v4.41)\Main.asm
                      tmp   0x000076       data     static C:\Users\Panagiotis\Documents\Coding\Embedded\Ebb & Flow Pic ASM\Ebb&Flow (16F648A v4.41)\ReadTables.asm
                      tmp   0x000076       data     static C:\Users\Panagiotis\Documents\Coding\Embedded\Ebb & Flow Pic ASM\Ebb&Flow (16F648A v4.41)\Alarms.asm
                     Var2   0x000076       data     static C:\Users\Panagiotis\Documents\Coding\Embedded\Ebb & Flow Pic ASM\Ebb&Flow (16F648A v4.41)\Bcd2Hex.asm
                       d2   0x000076       data     static C:\Users\Panagiotis\Documents\Coding\Embedded\Ebb & Flow Pic ASM\Ebb&Flow (16F648A v4.41)\Delay.asm
                       d3   0x000077       data     static C:\Users\Panagiotis\Documents\Coding\Embedded\Ebb & Flow Pic ASM\Ebb&Flow (16F648A v4.41)\Delay.asm
                 Menu_tmp   0x000077       data     static C:\Users\Panagiotis\Documents\Coding\Embedded\Ebb & Flow Pic ASM\Ebb&Flow (16F648A v4.41)\ReadTables.asm
                     tmp3   0x000077       data     static C:\Users\Panagiotis\Documents\Coding\Embedded\Ebb & Flow Pic ASM\Ebb&Flow (16F648A v4.41)\Main.asm
                      dd1   0x000078       data     static C:\Users\Panagiotis\Documents\Coding\Embedded\Ebb & Flow Pic ASM\Ebb&Flow (16F648A v4.41)\Delay.asm
                    W_Old   0x000078       data     static C:\Users\Panagiotis\Documents\Coding\Embedded\Ebb & Flow Pic ASM\Ebb&Flow (16F648A v4.41)\Main.asm
                      dd2   0x000079       data     static C:\Users\Panagiotis\Documents\Coding\Embedded\Ebb & Flow Pic ASM\Ebb&Flow (16F648A v4.41)\Delay.asm
                   TmpVar   0x000079       data     static C:\Users\Panagiotis\Documents\Coding\Embedded\Ebb & Flow Pic ASM\Ebb&Flow (16F648A v4.41)\Main.asm
       ExtMenuItem_Offset   0x00007a       data     extern C:\Users\Panagiotis\Documents\Coding\Embedded\Ebb & Flow Pic ASM\Ebb&Flow (16F648A v4.41)\Main.asm
      ExtMenuItem_Segment   0x00007b       data     extern C:\Users\Panagiotis\Documents\Coding\Embedded\Ebb & Flow Pic ASM\Ebb&Flow (16F648A v4.41)\Main.asm
                   W_TEMP   0x00007c       data     static C:\Users\Panagiotis\Documents\Coding\Embedded\Ebb & Flow Pic ASM\Ebb&Flow (16F648A v4.41)\Main.asm
              STATUS_TEMP   0x00007d       data     static C:\Users\Panagiotis\Documents\Coding\Embedded\Ebb & Flow Pic ASM\Ebb&Flow (16F648A v4.41)\Main.asm
               BankStatus   0x00007e       data     static C:\Users\Panagiotis\Documents\Coding\Embedded\Ebb & Flow Pic ASM\Ebb&Flow (16F648A v4.41)\EEPROM.asm
                      Cnt   0x00007f       data     static C:\Users\Panagiotis\Documents\Coding\Embedded\Ebb & Flow Pic ASM\Ebb&Flow (16F648A v4.41)\TimeValue.asm
           EEPROM_Address   0x0000a0       data     extern C:\Users\Panagiotis\Documents\Coding\Embedded\Ebb & Flow Pic ASM\Ebb&Flow (16F648A v4.41)\Main.asm
              EEPROM_Data   0x0000a8       data     extern C:\Users\Panagiotis\Documents\Coding\Embedded\Ebb & Flow Pic ASM\Ebb&Flow (16F648A v4.41)\Main.asm
          EEPROM_DataType   0x0000b0       data     extern C:\Users\Panagiotis\Documents\Coding\Embedded\Ebb & Flow Pic ASM\Ebb&Flow (16F648A v4.41)\Main.asm
               EEPROM_Min   0x0000b8       data     extern C:\Users\Panagiotis\Documents\Coding\Embedded\Ebb & Flow Pic ASM\Ebb&Flow (16F648A v4.41)\Main.asm
               EEPROM_Max   0x0000c0       data     extern C:\Users\Panagiotis\Documents\Coding\Embedded\Ebb & Flow Pic ASM\Ebb&Flow (16F648A v4.41)\Main.asm
                CursorPos   0x0000c8       data     extern C:\Users\Panagiotis\Documents\Coding\Embedded\Ebb & Flow Pic ASM\Ebb&Flow (16F648A v4.41)\Main.asm
                     CT_H   0x0000d0       data     static C:\Users\Panagiotis\Documents\Coding\Embedded\Ebb & Flow Pic ASM\Ebb&Flow (16F648A v4.41)\TimeValue.asm
                     CT_M   0x0000d1       data     static C:\Users\Panagiotis\Documents\Coding\Embedded\Ebb & Flow Pic ASM\Ebb&Flow (16F648A v4.41)\TimeValue.asm
                  START_H   0x0000d2       data     static C:\Users\Panagiotis\Documents\Coding\Embedded\Ebb & Flow Pic ASM\Ebb&Flow (16F648A v4.41)\TimeValue.asm
                  START_M   0x0000d3       data     static C:\Users\Panagiotis\Documents\Coding\Embedded\Ebb & Flow Pic ASM\Ebb&Flow (16F648A v4.41)\TimeValue.asm
                   STOP_H   0x0000d4       data     static C:\Users\Panagiotis\Documents\Coding\Embedded\Ebb & Flow Pic ASM\Ebb&Flow (16F648A v4.41)\TimeValue.asm
                   STOP_M   0x0000d5       data     static C:\Users\Panagiotis\Documents\Coding\Embedded\Ebb & Flow Pic ASM\Ebb&Flow (16F648A v4.41)\TimeValue.asm
                      tmp   0x0000d6       data     static C:\Users\Panagiotis\Documents\Coding\Embedded\Ebb & Flow Pic ASM\Ebb&Flow (16F648A v4.41)\TimeValue.asm
                 M_FDelay   0x0000d8       data     static C:\Users\Panagiotis\Documents\Coding\Embedded\Ebb & Flow Pic ASM\Ebb&Flow (16F648A v4.41)\TimeValue.asm
                 H_DDelay   0x0000d9       data     static C:\Users\Panagiotis\Documents\Coding\Embedded\Ebb & Flow Pic ASM\Ebb&Flow (16F648A v4.41)\TimeValue.asm
                 M_DDelay   0x0000da       data     static C:\Users\Panagiotis\Documents\Coding\Embedded\Ebb & Flow Pic ASM\Ebb&Flow (16F648A v4.41)\TimeValue.asm


